Component: ARM Compiler 5.06 update 7 (build 960) Tool: armlink [4d3601]

==============================================================================

Section Cross References

    startup_stm32f427xx.o(STACK) refers (Special) to heapauxi.o(.text) for __use_two_region_memory
    startup_stm32f427xx.o(HEAP) refers (Special) to heapauxi.o(.text) for __use_two_region_memory
    startup_stm32f427xx.o(RESET) refers (Special) to heapauxi.o(.text) for __use_two_region_memory
    startup_stm32f427xx.o(RESET) refers to startup_stm32f427xx.o(STACK) for __initial_sp
    startup_stm32f427xx.o(RESET) refers to startup_stm32f427xx.o(.text) for Reset_Handler
    startup_stm32f427xx.o(RESET) refers to stm32f4xx_it.o(i.NMI_Handler) for NMI_Handler
    startup_stm32f427xx.o(RESET) refers to stm32f4xx_it.o(i.HardFault_Handler) for HardFault_Handler
    startup_stm32f427xx.o(RESET) refers to stm32f4xx_it.o(i.MemManage_Handler) for MemManage_Handler
    startup_stm32f427xx.o(RESET) refers to stm32f4xx_it.o(i.BusFault_Handler) for BusFault_Handler
    startup_stm32f427xx.o(RESET) refers to stm32f4xx_it.o(i.UsageFault_Handler) for UsageFault_Handler
    startup_stm32f427xx.o(RESET) refers to stm32f4xx_it.o(i.SVC_Handler) for SVC_Handler
    startup_stm32f427xx.o(RESET) refers to stm32f4xx_it.o(i.DebugMon_Handler) for DebugMon_Handler
    startup_stm32f427xx.o(RESET) refers to stm32f4xx_it.o(i.PendSV_Handler) for PendSV_Handler
    startup_stm32f427xx.o(RESET) refers to stm32f4xx_it.o(i.SysTick_Handler) for SysTick_Handler
    startup_stm32f427xx.o(RESET) refers to stm32f4xx_it.o(i.EXTI1_IRQHandler) for EXTI1_IRQHandler
    startup_stm32f427xx.o(RESET) refers to stm32f4xx_it.o(i.EXTI3_IRQHandler) for EXTI3_IRQHandler
    startup_stm32f427xx.o(RESET) refers to stm32f4xx_it.o(i.EXTI4_IRQHandler) for EXTI4_IRQHandler
    startup_stm32f427xx.o(RESET) refers to stm32f4xx_it.o(i.DMA1_Stream0_IRQHandler) for DMA1_Stream0_IRQHandler
    startup_stm32f427xx.o(RESET) refers to stm32f4xx_it.o(i.DMA1_Stream1_IRQHandler) for DMA1_Stream1_IRQHandler
    startup_stm32f427xx.o(RESET) refers to stm32f4xx_it.o(i.DMA1_Stream3_IRQHandler) for DMA1_Stream3_IRQHandler
    startup_stm32f427xx.o(RESET) refers to stm32f4xx_it.o(i.DMA1_Stream6_IRQHandler) for DMA1_Stream6_IRQHandler
    startup_stm32f427xx.o(RESET) refers to stm32f4xx_it.o(i.EXTI9_5_IRQHandler) for EXTI9_5_IRQHandler
    startup_stm32f427xx.o(RESET) refers to stm32f4xx_it.o(i.TIM3_IRQHandler) for TIM3_IRQHandler
    startup_stm32f427xx.o(RESET) refers to stm32f4xx_it.o(i.TIM4_IRQHandler) for TIM4_IRQHandler
    startup_stm32f427xx.o(RESET) refers to stm32f4xx_it.o(i.USART2_IRQHandler) for USART2_IRQHandler
    startup_stm32f427xx.o(RESET) refers to stm32f4xx_it.o(i.USART3_IRQHandler) for USART3_IRQHandler
    startup_stm32f427xx.o(RESET) refers to stm32f4xx_it.o(i.TIM5_IRQHandler) for TIM5_IRQHandler
    startup_stm32f427xx.o(RESET) refers to stm32f4xx_it.o(i.DMA2_Stream1_IRQHandler) for DMA2_Stream1_IRQHandler
    startup_stm32f427xx.o(RESET) refers to stm32f4xx_it.o(i.CAN2_RX0_IRQHandler) for CAN2_RX0_IRQHandler
    startup_stm32f427xx.o(RESET) refers to stm32f4xx_it.o(i.OTG_FS_IRQHandler) for OTG_FS_IRQHandler
    startup_stm32f427xx.o(RESET) refers to stm32f4xx_it.o(i.DMA2_Stream6_IRQHandler) for DMA2_Stream6_IRQHandler
    startup_stm32f427xx.o(RESET) refers to stm32f4xx_it.o(i.USART6_IRQHandler) for USART6_IRQHandler
    startup_stm32f427xx.o(RESET) refers to stm32f4xx_it.o(i.UART7_IRQHandler) for UART7_IRQHandler
    startup_stm32f427xx.o(RESET) refers to stm32f4xx_it.o(i.UART8_IRQHandler) for UART8_IRQHandler
    startup_stm32f427xx.o(.text) refers (Special) to heapauxi.o(.text) for __use_two_region_memory
    startup_stm32f427xx.o(.text) refers to system_stm32f4xx.o(i.SystemInit) for SystemInit
    startup_stm32f427xx.o(.text) refers to __main.o(!!!main) for __main
    startup_stm32f427xx.o(.text) refers to startup_stm32f427xx.o(HEAP) for Heap_Mem
    startup_stm32f427xx.o(.text) refers to startup_stm32f427xx.o(STACK) for Stack_Mem
    go-m8010-6.o(i.SERVO_Send_recv) refers to go-m8010-6.o(i.modify_data) for modify_data
    go-m8010-6.o(i.SERVO_Send_recv) refers to stm32f4xx_hal_gpio.o(i.HAL_GPIO_WritePin) for HAL_GPIO_WritePin
    go-m8010-6.o(i.SERVO_Send_recv) refers to stm32f4xx_hal_uart.o(i.HAL_UART_Transmit) for HAL_UART_Transmit
    go-m8010-6.o(i.SERVO_Send_recv) refers to stm32f4xx_hal_uart.o(i.HAL_UARTEx_ReceiveToIdle_DMA) for HAL_UARTEx_ReceiveToIdle_DMA
    go-m8010-6.o(i.SERVO_Send_recv) refers to go-m8010-6.o(i.extract_data) for extract_data
    go-m8010-6.o(i.SERVO_Send_recv) refers to usart.o(.bss) for huart6
    go-m8010-6.o(i.crc_ccitt) refers to go-m8010-6.o(.constdata) for .constdata
    go-m8010-6.o(i.extract_data) refers to go-m8010-6.o(i.crc_ccitt) for crc_ccitt
    go-m8010-6.o(i.extract_data) refers to usart.o(i.uartPrintf) for uartPrintf
[...]
    __btod_div_common                        0x08001689   Thumb Code   696  btod.o(CL$$btod_div_common)
    _e2e                                     0x080019c1   Thumb Code   220  btod.o(CL$$btod_e2e)
    _btod_ediv                               0x08001a9d   Thumb Code    42  btod.o(CL$$btod_ediv)
    _btod_emul                               0x08001ac7   Thumb Code    42  btod.o(CL$$btod_emul)
    __btod_mult_common                       0x08001af1   Thumb Code   580  btod.o(CL$$btod_mult_common)
    BusFault_Handler                         0x08001eed   Thumb Code     2  stm32f4xx_it.o(i.BusFault_Handler)
    CAN2_RX0_IRQHandler                      0x08001ef1   Thumb Code     6  stm32f4xx_it.o(i.CAN2_RX0_IRQHandler)
    CMPID_Init                               0x08001efd   Thumb Code    32  skeleton.o(i.CMPID_Init)
    CycleTimerTickLeft                       0x08001f25   Thumb Code   208  algorithm.o(i.CycleTimerTickLeft)
    CycleTimerTickRight                      0x08002009   Thumb Code   302  algorithm.o(i.CycleTimerTickRight)
    DMA1_Stream0_IRQHandler                  0x0800216d   Thumb Code     6  stm32f4xx_it.o(i.DMA1_Stream0_IRQHandler)
    DMA1_Stream1_IRQHandler                  0x08002179   Thumb Code     6  stm32f4xx_it.o(i.DMA1_Stream1_IRQHandler)
    DMA1_Stream3_IRQHandler                  0x08002185   Thumb Code     6  stm32f4xx_it.o(i.DMA1_Stream3_IRQHandler)
    DMA1_Stream6_IRQHandler                  0x08002191   Thumb Code     6  stm32f4xx_it.o(i.DMA1_Stream6_IRQHandler)
    DMA2_Stream1_IRQHandler                  0x0800219d   Thumb Code     6  stm32f4xx_it.o(i.DMA2_Stream1_IRQHandler)
    DMA2_Stream6_IRQHandler                  0x080021a9   Thumb Code     6  stm32f4xx_it.o(i.DMA2_Stream6_IRQHandler)
    DebugMon_Handler                         0x08002259   Thumb Code     2  stm32f4xx_it.o(i.DebugMon_Handler)
    EXTI1_IRQHandler                         0x0800225b   Thumb Code     6  stm32f4xx_it.o(i.EXTI1_IRQHandler)
    EXTI3_IRQHandler                         0x08002261   Thumb Code     6  stm32f4xx_it.o(i.EXTI3_IRQHandler)
    EXTI4_IRQHandler                         0x08002267   Thumb Code     6  stm32f4xx_it.o(i.EXTI4_IRQHandler)
    EXTI9_5_IRQHandler                       0x0800226d   Thumb Code     6  stm32f4xx_it.o(i.EXTI9_5_IRQHandler)
    Error_Handler                            0x08002273   Thumb Code     4  main.o(i.Error_Handler)
    HAL_ADC_ConfigChannel                    0x08002279   Thumb Code   334  stm32f4xx_hal_adc.o(i.HAL_ADC_ConfigChannel)
    HAL_ADC_ConvCpltCallback                 0x080023dd   Thumb Code     2  stm32f4xx_hal_adc.o(i.HAL_ADC_ConvCpltCallback)
    HAL_ADC_ConvHalfCpltCallback             0x080023df   Thumb Code     2  stm32f4xx_hal_adc.o(i.HAL_ADC_ConvHalfCpltCallback)
    HAL_ADC_ErrorCallback                    0x080023e1   Thumb Code     2  stm32f4xx_hal_adc.o(i.HAL_ADC_ErrorCallback)
    HAL_ADC_Init                             0x080023e3   Thumb Code    84  stm32f4xx_hal_adc.o(i.HAL_ADC_Init)
    HAL_ADC_MspInit                          0x08002439   Thumb Code   134  adc.o(i.HAL_ADC_MspInit)
    HAL_ADC_Start_DMA                        0x080024d5   Thumb Code   268  stm32f4xx_hal_adc.o(i.HAL_ADC_Start_DMA)
    HAL_CAN_ActivateNotification             0x08002605   Thumb Code    36  stm32f4xx_hal_can.o(i.HAL_CAN_ActivateNotification)
    HAL_CAN_ConfigFilter                     0x08002629   Thumb Code   262  stm32f4xx_hal_can.o(i.HAL_CAN_ConfigFilter)
    HAL_CAN_ErrorCallback                    0x08002735   Thumb Code     2  stm32f4xx_hal_can.o(i.HAL_CAN_ErrorCallback)
    HAL_CAN_GetRxMessage                     0x08002737   Thumb Code   232  stm32f4xx_hal_can.o(i.HAL_CAN_GetRxMessage)
    HAL_CAN_IRQHandler                       0x0800281f   Thumb Code   508  stm32f4xx_hal_can.o(i.HAL_CAN_IRQHandler)
    HAL_CAN_Init                             0x08002a1b   Thumb Code   282  stm32f4xx_hal_can.o(i.HAL_CAN_Init)
    HAL_CAN_MspInit                          0x08002b35   Thumb Code   228  can.o(i.HAL_CAN_MspInit)
    HAL_CAN_RxFifo0FullCallback              0x08002c31   Thumb Code     2  stm32f4xx_hal_can.o(i.HAL_CAN_RxFifo0FullCallback)
    HAL_CAN_RxFifo0MsgPendingCallback        0x08002c35   Thumb Code    16  my_exti.o(i.HAL_CAN_RxFifo0MsgPendingCallback)
    HAL_CAN_RxFifo1FullCallback              0x08002c49   Thumb Code     2  stm32f4xx_hal_can.o(i.HAL_CAN_RxFifo1FullCallback)
    HAL_CAN_RxFifo1MsgPendingCallback        0x08002c4b   Thumb Code     2  stm32f4xx_hal_can.o(i.HAL_CAN_RxFifo1MsgPendingCallback)
    HAL_CAN_SleepCallback                    0x08002c4d   Thumb Code     2  stm32f4xx_hal_can.o(i.HAL_CAN_SleepCallback)
    HAL_CAN_Start                            0x08002c51   Thumb Code    88  stm32f4xx_hal_can.o(i.HAL_CAN_Start)
    HAL_CAN_TxMailbox0AbortCallback          0x08002ca9   Thumb Code     2  stm32f4xx_hal_can.o(i.HAL_CAN_TxMailbox0AbortCallback)
    HAL_CAN_TxMailbox0CompleteCallback       0x08002cab   Thumb Code     2  stm32f4xx_hal_can.o(i.HAL_CAN_TxMailbox0CompleteCallback)
    HAL_CAN_TxMailbox1AbortCallback          0x08002cad   Thumb Code     2  stm32f4xx_hal_can.o(i.HAL_CAN_TxMailbox1AbortCallback)
    HAL_CAN_TxMailbox1CompleteCallback       0x08002caf   Thumb Code     2  stm32f4xx_hal_can.o(i.HAL_CAN_TxMailbox1CompleteCallback)
    HAL_CAN_TxMailbox2AbortCallback          0x08002cb1   Thumb Code     2  stm32f4xx_hal_can.o(i.HAL_CAN_TxMailbox2AbortCallback)
    HAL_CAN_TxMailbox2CompleteCallback       0x08002cb3   Thumb Code     2  stm32f4xx_hal_can.o(i.HAL_CAN_TxMailbox2CompleteCallback)
    HAL_CAN_WakeUpFromRxMsgCallback          0x08002cb5   Thumb Code     2  stm32f4xx_hal_can.o(i.HAL_CAN_WakeUpFromRxMsgCallback)
    HAL_DMA_Abort                            0x08002cb7   Thumb Code   146  stm32f4xx_hal_dma.o(i.HAL_DMA_Abort)
    HAL_DMA_Abort_IT                         0x08002d49   Thumb Code    36  stm32f4xx_hal_dma.o(i.HAL_DMA_Abort_IT)
    HAL_DMA_IRQHandler                       0x08002d6d   Thumb Code   412  stm32f4xx_hal_dma.o(i.HAL_DMA_IRQHandler)
    HAL_DMA_Init                             0x08002f0d   Thumb Code   206  stm32f4xx_hal_dma.o(i.HAL_DMA_Init)
    HAL_DMA_Start_IT                         0x08002fe1   Thumb Code   110  stm32f4xx_hal_dma.o(i.HAL_DMA_Start_IT)
    HAL_Delay                                0x08003051   Thumb Code    32  stm32f4xx_hal.o(i.HAL_Delay)
    HAL_GPIO_EXTI_Callback                   0x08003075   Thumb Code     2  stm32f4xx_hal_gpio.o(i.HAL_GPIO_EXTI_Callback)
    HAL_GPIO_EXTI_IRQHandler                 0x08003079   Thumb Code    18  stm32f4xx_hal_gpio.o(i.HAL_GPIO_EXTI_IRQHandler)
    HAL_GPIO_Init                            0x08003091   Thumb Code   510  stm32f4xx_hal_gpio.o(i.HAL_GPIO_Init)
    HAL_GPIO_WritePin                        0x080032c5   Thumb Code    10  stm32f4xx_hal_gpio.o(i.HAL_GPIO_WritePin)
    HAL_GetTick                              0x080032d1   Thumb Code     6  stm32f4xx_hal.o(i.HAL_GetTick)
    HAL_IncTick                              0x080032dd   Thumb Code    12  stm32f4xx_hal.o(i.HAL_IncTick)
    HAL_Init                                 0x080032ed   Thumb Code    48  stm32f4xx_hal.o(i.HAL_Init)
    HAL_InitTick                             0x08003321   Thumb Code    54  stm32f4xx_hal.o(i.HAL_InitTick)
    HAL_MspInit                              0x08003361   Thumb Code    42  stm32f4xx_hal_msp.o(i.HAL_MspInit)
    HAL_NVIC_EnableIRQ                       0x08003391   Thumb Code    26  stm32f4xx_hal_cortex.o(i.HAL_NVIC_EnableIRQ)
    HAL_NVIC_SetPriority                     0x080033ad   Thumb Code    60  stm32f4xx_hal_cortex.o(i.HAL_NVIC_SetPriority)
    HAL_NVIC_SetPriorityGrouping             0x080033ed   Thumb Code    26  stm32f4xx_hal_cortex.o(i.HAL_NVIC_SetPriorityGrouping)
    HAL_PWREx_EnableOverDrive                0x08003411   Thumb Code    98  stm32f4xx_hal_pwr_ex.o(i.HAL_PWREx_EnableOverDrive)
    HAL_RCC_ClockConfig                      0x08003481   Thumb Code   288  stm32f4xx_hal_rcc.o(i.HAL_RCC_ClockConfig)
    HAL_RCC_GetPCLK1Freq                     0x080035b5   Thumb Code    20  stm32f4xx_hal_rcc.o(i.HAL_RCC_GetPCLK1Freq)
    HAL_RCC_GetPCLK2Freq                     0x080035d5   Thumb Code    20  stm32f4xx_hal_rcc.o(i.HAL_RCC_GetPCLK2Freq)
    HAL_RCC_GetSysClockFreq                  0x080035f5   Thumb Code    88  stm32f4xx_hal_rcc.o(i.HAL_RCC_GetSysClockFreq)
    HAL_RCC_OscConfig                        0x08003659   Thumb Code   856  stm32f4xx_hal_rcc.o(i.HAL_RCC_OscConfig)
    HAL_SYSTICK_Config                       0x080039c5   Thumb Code    40  stm32f4xx_hal_cortex.o(i.HAL_SYSTICK_Config)
    HAL_TIMEx_BreakCallback                  0x080039ed   Thumb Code     2  stm32f4xx_hal_tim_ex.o(i.HAL_TIMEx_BreakCallback)
    HAL_TIMEx_CommutCallback                 0x080039ef   Thumb Code     2  stm32f4xx_hal_tim_ex.o(i.HAL_TIMEx_CommutCallback)
    HAL_TIMEx_MasterConfigSynchronization    0x080039f1   Thumb Code   116  stm32f4xx_hal_tim_ex.o(i.HAL_TIMEx_MasterConfigSynchronization)
    HAL_TIM_Base_Init                        0x08003a81   Thumb Code    90  stm32f4xx_hal_tim.o(i.HAL_TIM_Base_Init)
    HAL_TIM_Base_MspInit                     0x08003add   Thumb Code   192  tim.o(i.HAL_TIM_Base_MspInit)
    HAL_TIM_Base_Start_IT                    0x08003bb9   Thumb Code   100  stm32f4xx_hal_tim.o(i.HAL_TIM_Base_Start_IT)
    HAL_TIM_ConfigClockSource                0x08003c39   Thumb Code   220  stm32f4xx_hal_tim.o(i.HAL_TIM_ConfigClockSource)
    HAL_TIM_IC_CaptureCallback               0x08003d15   Thumb Code     2  stm32f4xx_hal_tim.o(i.HAL_TIM_IC_CaptureCallback)
    HAL_TIM_IRQHandler                       0x08003d17   Thumb Code   358  stm32f4xx_hal_tim.o(i.HAL_TIM_IRQHandler)
    HAL_TIM_MspPostInit                      0x08003e7d   Thumb Code    70  tim.o(i.HAL_TIM_MspPostInit)
    HAL_TIM_OC_DelayElapsedCallback          0x08003ed1   Thumb Code     2  stm32f4xx_hal_tim.o(i.HAL_TIM_OC_DelayElapsedCallback)
    HAL_TIM_PWM_ConfigChannel                0x08003ed3   Thumb Code   204  stm32f4xx_hal_tim.o(i.HAL_TIM_PWM_ConfigChannel)
    HAL_TIM_PWM_Init                         0x08003f9f   Thumb Code    90  stm32f4xx_hal_tim.o(i.HAL_TIM_PWM_Init)
    HAL_TIM_PWM_MspInit                      0x08003ff9   Thumb Code     2  stm32f4xx_hal_tim.o(i.HAL_TIM_PWM_MspInit)
    HAL_TIM_PWM_PulseFinishedCallback        0x08003ffb   Thumb Code     2  stm32f4xx_hal_tim.o(i.HAL_TIM_PWM_PulseFinishedCallback)
    HAL_TIM_PeriodElapsedCallback            0x08003ffd   Thumb Code   266  main.o(i.HAL_TIM_PeriodElapsedCallback)
    HAL_TIM_TriggerCallback                  0x08004159   Thumb Code     2  stm32f4xx_hal_tim.o(i.HAL_TIM_TriggerCallback)
    HAL_UARTEx_ReceiveToIdle_DMA             0x0800415b   Thumb Code    86  stm32f4xx_hal_uart.o(i.HAL_UARTEx_ReceiveToIdle_DMA)
    HAL_UARTEx_RxEventCallback               0x080041b1   Thumb Code     2  stm32f4xx_hal_uart.o(i.HAL_UARTEx_RxEventCallback)
    HAL_UART_ErrorCallback                   0x080041b3   Thumb Code     2  stm32f4xx_hal_uart.o(i.HAL_UART_ErrorCallback)
    HAL_UART_IRQHandler                      0x080041b5   Thumb Code   610  stm32f4xx_hal_uart.o(i.HAL_UART_IRQHandler)
    HAL_UART_Init                            0x0800441d   Thumb Code    98  stm32f4xx_hal_uart.o(i.HAL_UART_Init)
    HAL_UART_MspInit                         0x08004481   Thumb Code   794  usart.o(i.HAL_UART_MspInit)
    HAL_UART_RxCpltCallback                  0x080047d1   Thumb Code     2  stm32f4xx_hal_uart.o(i.HAL_UART_RxCpltCallback)
    HAL_UART_RxHalfCpltCallback              0x080047d3   Thumb Code     2  stm32f4xx_hal_uart.o(i.HAL_UART_RxHalfCpltCallback)
    HAL_UART_Transmit                        0x080047d5   Thumb Code   178  stm32f4xx_hal_uart.o(i.HAL_UART_Transmit)
    HAL_UART_TxCpltCallback                  0x08004887   Thumb Code     2  stm32f4xx_hal_uart.o(i.HAL_UART_TxCpltCallback)
    HardFault_Handler                        0x08004889   Thumb Code     2  stm32f4xx_it.o(i.HardFault_Handler)
    IMU_Callback                             0x0800488d   Thumb Code   104  imu_can.o(i.IMU_Callback)
    IMU_data_analysis                        0x080048fd   Thumb Code   484  imu_can.o(i.IMU_data_analysis)
    MX_ADC1_Init                             0x08004ae9   Thumb Code   108  adc.o(i.MX_ADC1_Init)
    MX_CAN1_Init                             0x08004b61   Thumb Code    64  can.o(i.MX_CAN1_Init)
    MX_CAN2_Init                             0x08004ba9   Thumb Code    60  can.o(i.MX_CAN2_Init)
    MX_DMA_Init                              0x08004bed   Thumb Code   136  dma.o(i.MX_DMA_Init)
    MX_GPIO_Init                             0x08004c79   Thumb Code   482  gpio.o(i.MX_GPIO_Init)
    MX_TIM12_Init                            0x08004e7d   Thumb Code   122  tim.o(i.MX_TIM12_Init)
    MX_TIM1_Init                             0x08004f01   Thumb Code    98  tim.o(i.MX_TIM1_Init)
    MX_TIM3_Init                             0x08004f6d   Thumb Code    94  tim.o(i.MX_TIM3_Init)
    MX_TIM4_Init                             0x08004fd5   Thumb Code    96  tim.o(i.MX_TIM4_Init)
    MX_TIM5_Init                             0x0800503d   Thumb Code    92  tim.o(i.MX_TIM5_Init)
    MX_TIM9_Init                             0x080050a1   Thumb Code    66  tim.o(i.MX_TIM9_Init)
    MX_UART7_Init                            0x080050ed   Thumb Code    48  usart.o(i.MX_UART7_Init)
    MX_UART8_Init                            0x08005125   Thumb Code    48  usart.o(i.MX_UART8_Init)
    MX_USART2_UART_Init                      0x0800515d   Thumb Code    48  usart.o(i.MX_USART2_UART_Init)
    MX_USART3_UART_Init                      0x08005195   Thumb Code    48  usart.o(i.MX_USART3_UART_Init)
    MX_USART6_UART_Init                      0x080051cd   Thumb Code    46  usart.o(i.MX_USART6_UART_Init)
    MemManage_Handler                        0x08005209   Thumb Code     2  stm32f4xx_it.o(i.MemManage_Handler)
    NMI_Handler                              0x0800520b   Thumb Code     2  stm32f4xx_it.o(i.NMI_Handler)
    OTG_FS_IRQHandler                        0x0800520d   Thumb Code     2  stm32f4xx_it.o(i.OTG_FS_IRQHandler)
    PID_Calc                                 0x0800520f   Thumb Code   274  pid.o(i.PID_Calc)
    PendSV_Handler                           0x08005321   Thumb Code     2  stm32f4xx_it.o(i.PendSV_Handler)
    ReferenceForce                           0x08005325   Thumb Code   242  algorithm.o(i.ReferenceForce)
    SERVO_Send_recv                          0x08005421   Thumb Code    94  go-m8010-6.o(i.SERVO_Send_recv)
    SVC_Handler                              0x08005489   Thumb Code     2  stm32f4xx_it.o(i.SVC_Handler)
    SysTick_Handler                          0x0800548b   Thumb Code    14  stm32f4xx_it.o(i.SysTick_Handler)
    SystemClock_Config                       0x08005499   Thumb Code   150  main.o(i.SystemClock_Config)
    SystemInit                               0x08005539   Thumb Code    12  system_stm32f4xx.o(i.SystemInit)
    TIM3_IRQHandler                          0x08005549   Thumb Code     6  stm32f4xx_it.o(i.TIM3_IRQHandler)
    TIM4_IRQHandler                          0x08005555   Thumb Code     6  stm32f4xx_it.o(i.TIM4_IRQHandler)
    TIM5_IRQHandler                          0x08005561   Thumb Code     6  stm32f4xx_it.o(i.TIM5_IRQHandler)
    TIM_Base_SetConfig                       0x0800556d   Thumb Code   156  stm32f4xx_hal_tim.o(i.TIM_Base_SetConfig)
    TIM_ETR_SetConfig                        0x08005635   Thumb Code    20  stm32f4xx_hal_tim.o(i.TIM_ETR_SetConfig)
    TIM_OC2_SetConfig                        0x080056b9   Thumb Code    98  stm32f4xx_hal_tim.o(i.TIM_OC2_SetConfig)
    UART7_IRQHandler                         0x08005825   Thumb Code     6  stm32f4xx_it.o(i.UART7_IRQHandler)
    UART8_IRQHandler                         0x08005831   Thumb Code     6  stm32f4xx_it.o(i.UART8_IRQHandler)
    UART_Start_Receive_DMA                   0x08005b69   Thumb Code   134  stm32f4xx_hal_uart.o(i.UART_Start_Receive_DMA)
    USART2_IRQHandler                        0x08005c75   Thumb Code     6  stm32f4xx_it.o(i.USART2_IRQHandler)
    USART3_IRQHandler                        0x08005c81   Thumb Code     6  stm32f4xx_it.o(i.USART3_IRQHandler)
    USART6_IRQHandler                        0x08005c8d   Thumb Code     6  stm32f4xx_it.o(i.USART6_IRQHandler)
    UpdataGryZBuffer                         0x08005c99   Thumb Code   188  algorithm.o(i.UpdataGryZBuffer)
    UsageFault_Handler                       0x08005d6d   Thumb Code     2  stm32f4xx_it.o(i.UsageFault_Handler)
    __ARM_fpclassify                         0x08005d6f   Thumb Code    48  fpclassify.o(i.__ARM_fpclassify)
    __hardfp_pow                             0x08005dc1   Thumb Code  3072  pow.o(i.__hardfp_pow)
    __kernel_poly                            0x08006a11   Thumb Code   248  poly.o(i.__kernel_poly)
    __mathlib_dbl_divzero                    0x08006b09   Thumb Code    28  dunder.o(i.__mathlib_dbl_divzero)
    __mathlib_dbl_infnan2                    0x08006b39   Thumb Code    20  dunder.o(i.__mathlib_dbl_infnan2)
    __mathlib_dbl_invalid                    0x08006b51   Thumb Code    24  dunder.o(i.__mathlib_dbl_invalid)
    __mathlib_dbl_overflow                   0x08006b71   Thumb Code    24  dunder.o(i.__mathlib_dbl_overflow)
    __mathlib_dbl_underflow                  0x08006b91   Thumb Code    24  dunder.o(i.__mathlib_dbl_underflow)
    _is_digit                                0x08006bb1   Thumb Code    14  __printf_wp.o(i._is_digit)
    byte2float                               0x08006bc1   Thumb Code    96  imu_can.o(i.byte2float)
    can_filter_init                          0x08006c29   Thumb Code    88  can.o(i.can_filter_init)
    cubic_interpolation                      0x08006ca9   Thumb Code   136  my_math.o(i.cubic_interpolation)
    debugPrintPending                        0x08006d35   Thumb Code    42  uart_debug.o(i.debugPrintPending)
    extract_data                             0x08006d69   Thumb Code   210  go-m8010-6.o(i.extract_data)
    fabs                                     0x08006e71   Thumb Code    24  fabs.o(i.fabs)
    getRaw_AccXYZ                            0x08006e89   Thumb Code    56  imu_can.o(i.getRaw_AccXYZ)
    getRaw_GyroXYZ                           0x08006ec5   Thumb Code    56  imu_can.o(i.getRaw_GyroXYZ)
    getRaw_RPY                               0x08006f01   Thumb Code    54  imu_can.o(i.getRaw_RPY)
    initSkeletonAdBuf                        0x08006f3d   Thumb Code    26  motor_can.o(i.initSkeletonAdBuf)
    main                                     0x08006f61   Thumb Code   130  main.o(i.main)
    modify_data                              0x08006fe9   Thumb Code   344  go-m8010-6.o(i.modify_data)
    motor_Torque                             0x0800718d   Thumb Code    54  skeleton.o(i.motor_Torque)
    motor_init                               0x080071d5   Thumb Code    56  skeleton.o(i.motor_init)
    motor_profileVelocity                    0x08007219   Thumb Code    54  skeleton.o(i.motor_profileVelocity)
    motor_stop                               0x08007261   Thumb Code    30  skeleton.o(i.motor_stop)
    skeletonApp                              0x08007289   Thumb Code   816  skeleton.o(i.skeletonApp)
    sqrt                                     0x080077e5   Thumb Code   110  sqrt.o(i.sqrt)
    sysTickTask                              0x08007853   Thumb Code     2  main.o(i.sysTickTask)
    uartPrintf                               0x08007855   Thumb Code    34  usart.o(i.uartPrintf)
    _get_lc_ctype                            0x0800787d   Thumb Code    44  lc_ctype_c.o(locale$$code)
    _get_lc_numeric                          0x080078a9   Thumb Code    44  lc_numeric_c.o(locale$$code)
    __aeabi_dneg                             0x080078d5   Thumb Code     0  basic.o(x$fpl$basic)
    _dneg                                    0x080078d5   Thumb Code     6  basic.o(x$fpl$basic)
    __aeabi_fneg                             0x080078db   Thumb Code     0  basic.o(x$fpl$basic)
    _fneg                                    0x080078db   Thumb Code     6  basic.o(x$fpl$basic)
    _dabs                                    0x080078e1   Thumb Code     6  basic.o(x$fpl$basic)
    _fabs                                    0x080078e7   Thumb Code     6  basic.o(x$fpl$basic)
    __aeabi_d2f                              0x080078ed   Thumb Code     0  d2f.o(x$fpl$d2f)
    _d2f                                     0x080078ed   Thumb Code    98  d2f.o(x$fpl$d2f)
    __aeabi_dadd                             0x08007951   Thumb Code     0  daddsub_clz.o(x$fpl$dadd)
    _dadd                                    0x08007951   Thumb Code   332  daddsub_clz.o(x$fpl$dadd)
    __fpl_dcheck_NaN1                        0x08007aa1   Thumb Code    10  dcheck1.o(x$fpl$dcheck1)
    __fpl_dcmp_Inf                           0x08007ab1   Thumb Code    24  dcmpi.o(x$fpl$dcmpinf)
    __aeabi_ddiv                             0x08007ac9   Thumb Code     0  ddiv.o(x$fpl$ddiv)
    _ddiv                                    0x08007ac9   Thumb Code   552  ddiv.o(x$fpl$ddiv)
    __aeabi_i2d                              0x08007d79   Thumb Code     0  dflt_clz.o(x$fpl$dflt)
    _dflt                                    0x08007d79   Thumb Code    46  dflt_clz.o(x$fpl$dflt)
    __aeabi_ui2d                             0x08007da7   Thumb Code     0  dflt_clz.o(x$fpl$dfltu)
    _dfltu                                   0x08007da7   Thumb Code    38  dflt_clz.o(x$fpl$dfltu)
    __aeabi_cdcmple                          0x08007dcd   Thumb Code     0  dleqf.o(x$fpl$dleqf)
    _dcmple                                  0x08007dcd   Thumb Code   120  dleqf.o(x$fpl$dleqf)
    __fpl_dcmple_InfNaN                      0x08007e2f   Thumb Code     0  dleqf.o(x$fpl$dleqf)
    __aeabi_dmul                             0x08007e45   Thumb Code     0  dmul.o(x$fpl$dmul)
    _dmul                                    0x08007e45   Thumb Code   332  dmul.o(x$fpl$dmul)
    __fpl_dnaninf                            0x08007f99   Thumb Code   156  dnaninf.o(x$fpl$dnaninf)
    __fpl_dretinf                            0x08008035   Thumb Code    12  dretinf.o(x$fpl$dretinf)
    __aeabi_cdrcmple                         0x08008041   Thumb Code     0  drleqf.o(x$fpl$drleqf)
    _drcmple                                 0x08008041   Thumb Code   108  drleqf.o(x$fpl$drleqf)
    __aeabi_drsub                            0x080080ad   Thumb Code     0  daddsub_clz.o(x$fpl$drsb)
    _drsb                                    0x080080ad   Thumb Code    22  daddsub_clz.o(x$fpl$drsb)
    _dsqrt                                   0x080080c5   Thumb Code   404  dsqrt_umaal.o(x$fpl$dsqrt)
    __aeabi_dsub                             0x0800825d   Thumb Code     0  daddsub_clz.o(x$fpl$dsub)
    _dsub                                    0x0800825d   Thumb Code   464  daddsub_clz.o(x$fpl$dsub)
    __aeabi_f2d                              0x08008431   Thumb Code     0  f2d.o(x$fpl$f2d)
    _f2d                                     0x08008431   Thumb Code    86  f2d.o(x$fpl$f2d)
    __fpl_fnaninf                            0x08008487   Thumb Code   140  fnaninf.o(x$fpl$fnaninf)
    _fp_init                                 0x08008513   Thumb Code    10  fpinit.o(x$fpl$fpinit)
    __fplib_config_fpu_vfp                   0x0800851b   Thumb Code     0  fpinit.o(x$fpl$fpinit)
    __fplib_config_pureend_doubles           0x0800851b   Thumb Code     0  fpinit.o(x$fpl$fpinit)
    __fpl_fretinf                            0x0800851d   Thumb Code    10  fretinf.o(x$fpl$fretinf)
    _printf_fp_dec                           0x08008527   Thumb Code     4  printf1.o(x$fpl$printf1)
    _printf_fp_hex                           0x0800852b   Thumb Code     4  printf2.o(x$fpl$printf2)
    __fpl_return_NaN                         0x0800852f   Thumb Code   100  retnan.o(x$fpl$retnan)
    __ARM_scalbn                             0x08008593   Thumb Code    92  scalbn.o(x$fpl$scalbn)
    __fpl_cmpreturn                          0x080085ef   Thumb Code    48  trapv.o(x$fpl$trapveneer)
    __I$use$fp                               0x0800861e   Number         0  usenofp.o(x$fpl$usenofp)
    crc_ccitt_table                          0x0800861e   Data         512  go-m8010-6.o(.constdata)
    AHBPrescTable                            0x08008826   Data          16  system_stm32f4xx.o(.constdata)
    APBPrescTable                            0x08008836   Data           8  system_stm32f4xx.o(.constdata)
    __mathlib_zero                           0x08008908   Data           8  qnan.o(.constdata)
    Region$$Table$$Base                      0x080089cc   Number         0  anon$$obj.o(Region$$Table)
    Region$$Table$$Limit                     0x080089ec   Number         0  anon$$obj.o(Region$$Table)
    __ctype                                  0x080089f9   Data           0  lc_ctype_c.o(locale$$data)
    pos0                                     0x20000008   Data           4  go-m8010-6.o(.data)
    vel0                                     0x2000000c   Data           4  go-m8010-6.o(.data)
    tor0                                     0x20000010   Data           4  go-m8010-6.o(.data)
    pos1                                     0x20000014   Data           4  go-m8010-6.o(.data)
    vel1                                     0x20000018   Data           4  go-m8010-6.o(.data)
    tor1                                     0x2000001c   Data           4  go-m8010-6.o(.data)
    ACC_left                                 0x20000030   Data           8  main.o(.data)
    Angle_left                               0x20000038   Data           8  main.o(.data)
    Gyro_left                                0x20000040   Data           8  main.o(.data)
    ACC_right                                0x20000048   Data           8  main.o(.data)
    Angle_right                              0x20000050   Data           8  main.o(.data)
    Gyro_right                               0x20000058   Data           8  main.o(.data)
    ACC_back                                 0x20000060   Data           8  main.o(.data)
    Angle_back                               0x20000068   Data           8  main.o(.data)
    Gyro_back                                0x20000070   Data           8  main.o(.data)
    uwTickFreq                               0x2000007c   Data           1  stm32f4xx_hal.o(.data)
    uwTickPrio                               0x20000080   Data           4  stm32f4xx_hal.o(.data)
    uwTick                                   0x20000084   Data           4  stm32f4xx_hal.o(.data)
    SystemCoreClock                          0x20000088   Data           4  system_stm32f4xx.o(.data)
    enableFlagLeft                           0x2000008c   Data           4  algorithm.o(.data)
    enableFlagRight                          0x20000090   Data           4  algorithm.o(.data)
    StartTime                                0x20000094   Data           4  algorithm.o(.data)
    FirstPeakStart                           0x20000098   Data           4  algorithm.o(.data)
    FirstPeakEnd                             0x2000009c   Data           4  algorithm.o(.data)
    FirstEndTime                             0x200000a0   Data           4  algorithm.o(.data)
    SecondStartTime                          0x200000a4   Data           4  algorithm.o(.data)
    SecondPeakStart                          0x200000a8   Data           4  algorithm.o(.data)
    SecondPeakEnd                            0x200000ac   Data           4  algorithm.o(.data)
    SecondEndTime                            0x200000b0   Data           4  algorithm.o(.data)
    Fp_first                                 0x200000b4   Data           4  algorithm.o(.data)
    Fp_second                                0x200000b8   Data           4  algorithm.o(.data)
    virtual_inertia                          0x200000bc   Data           4  algorithm.o(.data)
    virtual_damping                          0x200000c0   Data           4  algorithm.o(.data)
    virtual_stiffness                        0x200000c4   Data           4  algorithm.o(.data)
    Fp_right                                 0x200000c8   Data           4  algorithm.o(.data)
    Fp_left                                  0x200000cc   Data           4  algorithm.o(.data)
    Fd_Left                                  0x200000d0   Data           4  algorithm.o(.data)
    Fd_Right                                 0x200000d4   Data           4  algorithm.o(.data)
    RPY_c                                    0x200000f8   Data           4  imu_can.o(.data)
    Gyro_c                                   0x200000fc   Data           4  imu_can.o(.data)
    Acc_c                                    0x20000100   Data           4  imu_can.o(.data)
    RPY_msg1                                 0x2000010a   Data           6  imu_can.o(.data)
    RPY_msg2                                 0x20000110   Data           6  imu_can.o(.data)
    RPY_msg3                                 0x20000116   Data           6  imu_can.o(.data)
    RPY_msg4                                 0x2000011c   Data           6  imu_can.o(.data)
    GyroXYZ_msg1                             0x20000122   Data           6  imu_can.o(.data)
    GyroXYZ_msg2                             0x20000128   Data           6  imu_can.o(.data)
    GyroXYZ_msg3                             0x2000012e   Data           6  imu_can.o(.data)
    GyroXYZ_msg4                             0x20000134   Data           6  imu_can.o(.data)
    AccXYZ_msg1                              0x2000013a   Data           6  imu_can.o(.data)
    AccXYZ_msg2                              0x20000140   Data           6  imu_can.o(.data)
    AccXYZ_msg3                              0x20000146   Data           6  imu_can.o(.data)
    AccXYZ_msg4                              0x2000014c   Data           6  imu_can.o(.data)
    Motor_Controller_ID                      0x20000154   Data           1  motor_can.o(.data)
    init_flag                                0x20000155   Data           1  motor_can.o(.data)
    stiffness_test_flag                      0x20000156   Data           1  motor_can.o(.data)
    skeletonAdDmaBuf                         0x20000158   Data           4  motor_can.o(.data)
    force_left                               0x2000015c   Data           4  motor_can.o(.data)
    force_right                              0x20000160   Data           4  motor_can.o(.data)
    Motor_RPM_right                          0x20000164   Data           4  motor_can.o(.data)
    Motor_RPM_left                           0x20000168   Data           4  motor_can.o(.data)
    Motor_RPM_stop                           0x2000016c   Data           4  motor_can.o(.data)
    ZeroPoint                                0x20000170   Data           4  motor_can.o(.data)
    offset_cnt                               0x20000174   Data           4  motor_can.o(.data)
    offset_cntR                              0x20000178   Data           4  motor_can.o(.data)
    RxData_Motor                             0x20000180   Data           8  motor_can.o(.data)
    force_motor_left                         0x20000188   Data           4  motor_can.o(.data)
    force_motor_right                        0x2000018c   Data           4  motor_can.o(.data)
    Skeleton_State                           0x20000190   Data           1  skeleton.o(.data)
    current_state                            0x20000191   Data           1  skeleton.o(.data)
    force_reference                          0x20000194   Data           4  skeleton.o(.data)
    force_reference_spd                      0x20000198   Data           4  skeleton.o(.data)
    Global_Motor_Position                    0x2000019c   Data           4  skeleton.o(.data)
    LastOutPutPos                            0x200001a0   Data           4  skeleton.o(.data)
    tighten_force                            0x200001a4   Data           4  skeleton.o(.data)
    tighten_speed                            0x200001a8   Data           4  skeleton.o(.data)
    speed_limit_high                         0x200001ac   Data           4  skeleton.o(.data)
    speed_limit_low                          0x200001b0   Data           4  skeleton.o(.data)
    CMLEFT1                                  0x200001c4   Data         700  skeleton.o(.data)
    CMRIGHT0                                 0x20000480   Data         700  skeleton.o(.data)
    cmd                                      0x20000a30   Data         128  main.o(.bss)
    data                                     0x20000ab0   Data         128  main.o(.bss)
    htim1                                    0x20000b3c   Data          72  tim.o(.bss)
    htim3                                    0x20000b84   Data          72  tim.o(.bss)
    htim4                                    0x20000bcc   Data          72  tim.o(.bss)
    htim5                                    0x20000c14   Data          72  tim.o(.bss)
    htim9                                    0x20000c5c   Data          72  tim.o(.bss)
    htim12                                   0x20000ca4   Data          72  tim.o(.bss)
    huart7                                   0x20000d6c   Data          68  usart.o(.bss)
    huart8                                   0x20000db0   Data          68  usart.o(.bss)
    huart2                                   0x20000df4   Data          68  usart.o(.bss)
    huart3                                   0x20000e38   Data          68  usart.o(.bss)
    huart6                                   0x20000e7c   Data          68  usart.o(.bss)
    hdma_uart7_rx                            0x20000ec0   Data          96  usart.o(.bss)
    hdma_uart7_tx                            0x20000f20   Data          96  usart.o(.bss)
    hdma_uart8_rx                            0x20000f80   Data          96  usart.o(.bss)
    hdma_uart8_tx                            0x20000fe0   Data          96  usart.o(.bss)
    hdma_usart6_rx                           0x20001040   Data          96  usart.o(.bss)
    hdma_usart6_tx                           0x200010a0   Data          96  usart.o(.bss)
    hadc1                                    0x20001100   Data          72  adc.o(.bss)
    hdma_adc1                                0x20001148   Data          96  adc.o(.bss)
    hcan1                                    0x200011a8   Data          40  can.o(.bss)
    hcan2                                    0x200011d0   Data          40  can.o(.bss)
    GryZ_L                                   0x20001278   Data          16  algorithm.o(.bss)
    GryZ_R                                   0x20001288   Data          16  algorithm.o(.bss)
    AccY_L                                   0x20001298   Data          12  algorithm.o(.bss)
    AccY_R                                   0x200012a4   Data          12  algorithm.o(.bss)
    TimerRight                               0x200012b0   Data          56  algorithm.o(.bss)
    TimerLeft                                0x200012e8   Data          56  algorithm.o(.bss)
    LeftForce                                0x20001320   Data          48  algorithm.o(.bss)
    RightForce                               0x20001350   Data          48  algorithm.o(.bss)
    CanRxMsg                                 0x20001380   Data          40  imu_can.o(.bss)
    imu_info1                                0x200013a8   Data          36  imu_can.o(.bss)
    imu_info2                                0x200013cc   Data          36  imu_can.o(.bss)
    imu_info3                                0x200013f0   Data          36  imu_can.o(.bss)
    imu_info4                                0x20001414   Data          36  imu_can.o(.bss)
    __libspace_start                         0x20001438   Data          96  libspace.o(.bss)
    __temporary_stack_top$libspace           0x20001498   Data           0  libspace.o(.bss)



==============================================================================

Memory Map of the image

  Image Entry point : 0x080001ad

  Load Region LR_IROM1 (Base: 0x08000000, Size: 0x00009254, Max: 0x00200000, ABSOLUTE, COMPRESSED[0x00008b9c])

    Execution Region ER_IROM1 (Exec base: 0x08000000, Load base: 0x08000000, Size: 0x00008b18, Max: 0x00200000, ABSOLUTE)

    Exec Addr    Load Addr    Size         Type   Attr      Idx    E Section Name        Object

    0x08000000   0x08000000   0x000001ac   Data   RO            3    RESET               startup_stm32f427xx.o
    0x080001ac   0x080001ac   0x00000008   Code   RO         6342  * !!!main             c_w.l(__main.o)
    0x080001b4   0x080001b4   0x00000034   Code   RO         6902    !!!scatter          c_w.l(__scatter.o)
    0x080001e8   0x080001e8   0x0000003a   Code   RO         6900    !!dczerorl          c_w.l(__dczerorl.o)
    0x08000222   0x08000222   0x00000002   PAD
    0x08000224   0x08000224   0x0000001c   Code   RO         6904    !!handler_zi        c_w.l(__scatter_zi.o)
    0x08000240   0x08000240   0x00000000   Code   RO         6323    .ARM.Collect$$_printf_percent$$00000000  c_w.l(_printf_percent.o)
    0x08000240   0x08000240   0x00000006   Code   RO         6500    .ARM.Collect$$_printf_percent$$00000001  c_w.l(_printf_n.o)
    0x08000246   0x08000246   0x00000006   Code   RO         6501    .ARM.Collect$$_printf_percent$$00000002  c_w.l(_printf_p.o)
    0x0800024c   0x0800024c   0x00000006   Code   RO         6321    .ARM.Collect$$_printf_percent$$00000003  c_w.l(_printf_f.o)
    0x08000252   0x08000252   0x00000006   Code   RO         6322    .ARM.Collect$$_printf_percent$$00000004  c_w.l(_printf_e.o)
    0x08000258   0x08000258   0x00000006   Code   RO         6505    .ARM.Collect$$_printf_percent$$00000005  c_w.l(_printf_g.o)
    0x0800025e   0x0800025e   0x00000006   Code   RO         6506    .ARM.Collect$$_printf_percent$$00000006  c_w.l(_printf_a.o)
    0x08000264   0x08000264   0x0000000a   Code   RO         6511    .ARM.Collect$$_printf_percent$$00000007  c_w.l(_printf_ll.o)
    0x0800026e   0x0800026e   0x00000006   Code   RO         6503    .ARM.Collect$$_printf_percent$$00000008  c_w.l(_printf_i.o)
    0x08000274   0x08000274   0x00000006   Code   RO         6320    .ARM.Collect$$_printf_percent$$00000009  c_w.l(_printf_d.o)
    0x0800027a   0x0800027a   0x00000006   Code   RO         6504    .ARM.Collect$$_printf_percent$$0000000A  c_w.l(_printf_u.o)
    0x08000280   0x08000280   0x00000006   Code   RO         6502    .ARM.Collect$$_printf_percent$$0000000B  c_w.l(_printf_o.o)
    0x08000286   0x08000286   0x00000006   Code   RO         6319    .ARM.Collect$$_printf_percent$$0000000C  c_w.l(_printf_x.o)
    0x0800028c   0x0800028c   0x00000006   Code   RO         6508    .ARM.Collect$$_printf_percent$$0000000D  c_w.l(_printf_lli.o)
    0x08000292   0x08000292   0x00000006   Code   RO         6509    .ARM.Collect$$_printf_percent$$0000000E  c_w.l(_printf_lld.o)
    0x08000298   0x08000298   0x00000006   Code   RO         6510    .ARM.Collect$$_printf_percent$$0000000F  c_w.l(_printf_llu.o)
    0x0800029e   0x0800029e   0x00000006   Code   RO         6515    .ARM.Collect$$_printf_percent$$00000010  c_w.l(_printf_llo.o)
    0x080002a4   0x080002a4   0x00000006   Code   RO         6516    .ARM.Collect$$_printf_percent$$00000011  c_w.l(_printf_llx.o)
    0x080002aa   0x080002aa   0x0000000a   Code   RO         6512    .ARM.Collect$$_printf_percent$$00000012  c_w.l(_printf_l.o)
    0x080002b4   0x080002b4   0x00000006   Code   RO         6499    .ARM.Collect$$_printf_percent$$00000013  c_w.l(_printf_c.o)
    0x080002ba   0x080002ba   0x00000006   Code   RO         6318    .ARM.Collect$$_printf_percent$$00000014  c_w.l(_printf_s.o)
    0x080002c0   0x080002c0   0x00000006   Code   RO         6513    .ARM.Collect$$_printf_percent$$00000015  c_w.l(_printf_lc.o)
    0x080002c6   0x080002c6   0x00000006   Code   RO         6514    .ARM.Collect$$_printf_percent$$00000016  c_w.l(_printf_ls.o)
    0x080002cc   0x080002cc   0x00000004   Code   RO         6507    .ARM.Collect$$_printf_percent$$00000017  c_w.l(_printf_percent_end.o)
    0x080002d0   0x080002d0   0x00000002   Code   RO         6809    .ARM.Collect$$libinit$$00000000  c_w.l(libinit.o)
    0x080002d2   0x080002d2   0x00000004   Code   RO         6525    .ARM.Collect$$libinit$$00000001  c_w.l(libinit2.o)
    0x080002d6   0x080002d6   0x00000000   Code   RO         6528    .ARM.Collect$$libinit$$00000004  c_w.l(libinit2.o)
    0x080002d6   0x080002d6   0x00000000   Code   RO         6531    .ARM.Collect$$libinit$$0000000A  c_w.l(libinit2.o)
    0x080002d6   0x080002d6   0x00000000   Code   RO         6533    .ARM.Collect$$libinit$$0000000C  c_w.l(libinit2.o)
    0x080002d6   0x080002d6   0x00000000   Code   RO         6535    .ARM.Collect$$libinit$$0000000E  c_w.l(libinit2.o)
    0x080002d6   0x080002d6   0x00000006   Code   RO         6536    .ARM.Collect$$libinit$$0000000F  c_w.l(libinit2.o)
    0x080002dc   0x080002dc   0x00000000   Code   RO         6538    .ARM.Collect$$libinit$$00000011  c_w.l(libinit2.o)
    0x080002dc   0x080002dc   0x0000000c   Code   RO         6539    .ARM.Collect$$libinit$$00000012  c_w.l(libinit2.o)
    0x080002e8   0x080002e8   0x00000000   Code   RO         6540    .ARM.Collect$$libinit$$00000013  c_w.l(libinit2.o)
    0x080002e8   0x080002e8   0x00000000   Code   RO         6542    .ARM.Collect$$libinit$$00000015  c_w.l(libinit2.o)
    0x080002e8   0x080002e8   0x0000000a   Code   RO         6543    .ARM.Collect$$libinit$$00000016  c_w.l(libinit2.o)
    0x080002f2   0x080002f2   0x00000000   Code   RO         6544    .ARM.Collect$$libinit$$00000017  c_w.l(libinit2.o)
    0x080002f2   0x080002f2   0x00000000   Code   RO         6546    .ARM.Collect$$libinit$$00000019  c_w.l(libinit2.o)
    0x080002f2   0x080002f2   0x00000000   Code   RO         6548    .ARM.Collect$$libinit$$0000001B  c_w.l(libinit2.o)
    0x080002f2   0x080002f2   0x00000000   Code   RO         6550    .ARM.Collect$$libinit$$0000001D  c_w.l(libinit2.o)
    0x080002f2   0x080002f2   0x00000000   Code   RO         6552    .ARM.Collect$$libinit$$0000001F  c_w.l(libinit2.o)
    0x080002f2   0x080002f2   0x00000000   Code   RO         6554    .ARM.Collect$$libinit$$00000021  c_w.l(libinit2.o)
    0x080002f2   0x080002f2   0x00000000   Code   RO         6556    .ARM.Collect$$libinit$$00000023  c_w.l(libinit2.o)
    0x080002f2   0x080002f2   0x00000000   Code   RO         6558    .ARM.Collect$$libinit$$00000025  c_w.l(libinit2.o)
    0x080002f2   0x080002f2   0x00000000   Code   RO         6562    .ARM.Collect$$libinit$$0000002C  c_w.l(libinit2.o)
    0x080002f2   0x080002f2   0x00000000   Code   RO         6564    .ARM.Collect$$libinit$$0000002E  c_w.l(libinit2.o)
    0x080002f2   0x080002f2   0x00000000   Code   RO         6566    .ARM.Collect$$libinit$$00000030  c_w.l(libinit2.o)
    0x080002f2   0x080002f2   0x00000000   Code   RO         6568    .ARM.Collect$$libinit$$00000032  c_w.l(libinit2.o)
    0x080002f2   0x080002f2   0x00000002   Code   RO         6569    .ARM.Collect$$libinit$$00000033  c_w.l(libinit2.o)
    0x080002f4   0x080002f4   0x00000002   Code   RO         6897    .ARM.Collect$$libshutdown$$00000000  c_w.l(libshutdown.o)
    0x080002f6   0x080002f6   0x00000000   Code   RO         6811    .ARM.Collect$$libshutdown$$00000002  c_w.l(libshutdown2.o)
    0x080002f6   0x080002f6   0x00000000   Code   RO         6813    .ARM.Collect$$libshutdown$$00000004  c_w.l(libshutdown2.o)
    0x080002f6   0x080002f6   0x00000000   Code   RO         6815    .ARM.Collect$$libshutdown$$00000006  c_w.l(libshutdown2.o)
    0x080002f6   0x080002f6   0x00000000   Code   RO         6818    .ARM.Collect$$libshutdown$$00000009  c_w.l(libshutdown2.o)
    0x080002f6   0x080002f6   0x00000000   Code   RO         6821    .ARM.Collect$$libshutdown$$0000000C  c_w.l(libshutdown2.o)
    0x080002f6   0x080002f6   0x00000000   Code   RO         6823    .ARM.Collect$$libshutdown$$0000000E  c_w.l(libshutdown2.o)
    0x080002f6   0x080002f6   0x00000000   Code   RO         6826    .ARM.Collect$$libshutdown$$00000011  c_w.l(libshutdown2.o)
    0x080002f6   0x080002f6   0x00000002   Code   RO         6827    .ARM.Collect$$libshutdown$$00000012  c_w.l(libshutdown2.o)
    0x080002f8   0x080002f8   0x00000000   Code   RO         6438    .ARM.Collect$$rtentry$$00000000  c_w.l(__rtentry.o)
    0x080002f8   0x080002f8   0x00000000   Code   RO         6646    .ARM.Collect$$rtentry$$00000002  c_w.l(__rtentry2.o)
    0x080002f8   0x080002f8   0x00000006   Code   RO         6658    .ARM.Collect$$rtentry$$00000004  c_w.l(__rtentry4.o)
    0x080002fe   0x080002fe   0x00000000   Code   RO         6648    .ARM.Collect$$rtentry$$00000009  c_w.l(__rtentry2.o)
    0x080002fe   0x080002fe   0x00000004   Code   RO         6649    .ARM.Collect$$rtentry$$0000000A  c_w.l(__rtentry2.o)
    0x08000302   0x08000302   0x00000000   Code   RO         6651    .ARM.Collect$$rtentry$$0000000C  c_w.l(__rtentry2.o)
    0x08000302   0x08000302   0x00000008   Code   RO         6652    .ARM.Collect$$rtentry$$0000000D  c_w.l(__rtentry2.o)
    0x0800030a   0x0800030a   0x00000002   Code   RO         6834    .ARM.Collect$$rtexit$$00000000  c_w.l(rtexit.o)
    0x0800030c   0x0800030c   0x00000000   Code   RO         6865    .ARM.Collect$$rtexit$$00000002  c_w.l(rtexit2.o)
    0x0800030c   0x0800030c   0x00000004   Code   RO         6866    .ARM.Collect$$rtexit$$00000003  c_w.l(rtexit2.o)
    0x08000310   0x08000310   0x00000006   Code   RO         6867    .ARM.Collect$$rtexit$$00000004  c_w.l(rtexit2.o)
    0x08000316   0x08000316   0x00000002   PAD
    0x08000318   0x08000318   0x00000040   Code   RO            4    .text               startup_stm32f427xx.o
    0x08000358   0x08000358   0x000000ee   Code   RO         6255    .text               c_w.l(lludivv7m.o)
    0x08000446   0x08000446   0x00000002   PAD
    0x08000448   0x08000448   0x00000024   Code   RO         6259    .text               c_w.l(vsprintf.o)
    0x0800046c   0x0800046c   0x0000004e   Code   RO         6271    .text               c_w.l(_printf_pad.o)
    0x080004ba   0x080004ba   0x00000052   Code   RO         6273    .text               c_w.l(_printf_str.o)
    0x0800050c   0x0800050c   0x00000078   Code   RO         6275    .text               c_w.l(_printf_dec.o)
    0x08000584   0x08000584   0x00000094   Code   RO         6295    .text               c_w.l(_printf_hex_int_ll_ptr.o)
    0x08000618   0x08000618   0x00000188   Code   RO         6315    .text               c_w.l(__printf_flags_ss_wp.o)
    0x080007a0   0x080007a0   0x0000004e   Code   RO         6338    .text               c_w.l(rt_memclr_w.o)
    0x080007ee   0x080007ee   0x00000006   Code   RO         6340    .text               c_w.l(heapauxi.o)
    0x080007f4   0x080007f4   0x00000010   Code   RO         6439    .text               c_w.l(rt_ctype_table.o)
    0x08000804   0x08000804   0x00000016   Code   RO         6470    .text               c_w.l(_rserrno.o)
    0x0800081a   0x0800081a   0x00000024   Code   RO         6472    .text               c_w.l(_printf_truncate.o)
    0x0800083e   0x0800083e   0x000000b2   Code   RO         6474    .text               c_w.l(_printf_intcommon.o)
    0x080008f0   0x080008f0   0x00000028   Code   RO         6476    .text               c_w.l(_printf_charcount.o)
    0x08000918   0x08000918   0x0000041e   Code   RO         6478    .text               c_w.l(_printf_fp_dec.o)
    0x08000d36   0x08000d36   0x00000002   PAD
    0x08000d38   0x08000d38   0x00000030   Code   RO         6480    .text               c_w.l(_printf_char_common.o)
    0x08000d68   0x08000d68   0x0000000a   Code   RO         6482    .text               c_w.l(_sputc.o)
    0x08000d72   0x08000d72   0x0000002c   Code   RO         6484    .text               c_w.l(_printf_char.o)
    0x08000d9e   0x08000d9e   0x00000002   PAD
    0x08000da0   0x08000da0   0x000000bc   Code   RO         6488    .text               c_w.l(_printf_wctomb.o)
    0x08000e5c   0x08000e5c   0x0000007c   Code   RO         6491    .text               c_w.l(_printf_longlong_dec.o)
    0x08000ed8   0x08000ed8   0x00000070   Code   RO         6497    .text               c_w.l(_printf_oct_int_ll.o)
    0x08000f48   0x08000f48   0x00000008   Code   RO         6642    .text               c_w.l(libspace.o)
    0x08000f50   0x08000f50   0x00000008   Code   RO         6665    .text               c_w.l(rt_locale_intlibspace.o)
    0x08000f58   0x08000f58   0x00000008   Code   RO         6670    .text               c_w.l(rt_errno_addr_intlibspace.o)
    0x08000f60   0x08000f60   0x0000008a   Code   RO         6680    .text               c_w.l(lludiv10.o)
    0x08000fea   0x08000fea   0x00000002   PAD
    0x08000fec   0x08000fec   0x000002fc   Code   RO         6682    .text               c_w.l(_printf_fp_hex.o)
    0x080012e8   0x080012e8   0x00000080   Code   RO         6685    .text               c_w.l(_printf_fp_infnan.o)
    0x08001368   0x08001368   0x0000002c   Code   RO         6689    .text               c_w.l(_printf_wchar.o)
    0x08001394   0x08001394   0x000000e4   Code   RO         6691    .text               c_w.l(bigflt0.o)
    0x08001478   0x08001478   0x00000040   Code   RO         6730    .text               c_w.l(_wcrtomb.o)
    0x080014b8   0x080014b8   0x00000002   Code   RO         6762    .text               c_w.l(use_no_semi.o)
    0x080014ba   0x080014ba   0x00000000   Code   RO         6764    .text               c_w.l(indicate_semi.o)
    0x080014ba   0x080014ba   0x0000004a   Code   RO         6765    .text               c_w.l(sys_stackheap_outer.o)
    0x08001504   0x08001504   0x00000012   Code   RO         6784    .text               c_w.l(exit.o)
    0x08001516   0x08001516   0x00000002   PAD
    0x08001518   0x08001518   0x00000080   Code   RO         6798    .text               c_w.l(strcmpv7m.o)
    0x08001598   0x08001598   0x0000000c   Code   RO         6832    .text               c_w.l(sys_exit.o)
    0x080015a4   0x080015a4   0x0000003e   Code   RO         6694    CL$$btod_d2e        c_w.l(btod.o)
    0x080015e2   0x080015e2   0x00000046   Code   RO         6696    CL$$btod_d2e_denorm_low  c_w.l(btod.o)
    0x08001628   0x08001628   0x00000060   Code   RO         6695    CL$$btod_d2e_norm_op1  c_w.l(btod.o)
    0x08001688   0x08001688   0x00000338   Code   RO         6704    CL$$btod_div_common  c_w.l(btod.o)
    0x080019c0   0x080019c0   0x000000dc   Code   RO         6701    CL$$btod_e2e        c_w.l(btod.o)
    0x08001a9c   0x08001a9c   0x0000002a   Code   RO         6698    CL$$btod_ediv       c_w.l(btod.o)
    0x08001ac6   0x08001ac6   0x0000002a   Code   RO         6697    CL$$btod_emul       c_w.l(btod.o)
    0x08001af0   0x08001af0   0x00000244   Code   RO         6703    CL$$btod_mult_common  c_w.l(btod.o)
    0x08001d34   0x08001d34   0x0000006e   Code   RO         4284    i.ADC_DMAConvCplt   stm32f4xx_hal_adc.o
    0x08001da2   0x08001da2   0x00000016   Code   RO         4285    i.ADC_DMAError      stm32f4xx_hal_adc.o
    0x08001db8   0x08001db8   0x0000000a   Code   RO         4286    i.ADC_DMAHalfConvCplt  stm32f4xx_hal_adc.o
    0x08001dc2   0x08001dc2   0x00000002   PAD
    0x08001dc4   0x08001dc4   0x00000128   Code   RO         4287    i.ADC_Init          stm32f4xx_hal_adc.o
    0x08001eec   0x08001eec   0x00000002   Code   RO          775    i.BusFault_Handler  stm32f4xx_it.o
    0x08001eee   0x08001eee   0x00000002   PAD
    0x08001ef0   0x08001ef0   0x0000000c   Code   RO          776    i.CAN2_RX0_IRQHandler  stm32f4xx_it.o
    0x08001efc   0x08001efc   0x00000028   Code   RO         5857    i.CMPID_Init        skeleton.o
    0x08001f24   0x08001f24   0x000000e4   Code   RO         4835    i.CycleTimerTickLeft  algorithm.o
    0x08002008   0x08002008   0x00000164   Code   RO         4836    i.CycleTimerTickRight  algorithm.o
    0x0800216c   0x0800216c   0x0000000c   Code   RO          777    i.DMA1_Stream0_IRQHandler  stm32f4xx_it.o
    0x08002178   0x08002178   0x0000000c   Code   RO          778    i.DMA1_Stream1_IRQHandler  stm32f4xx_it.o
    0x08002184   0x08002184   0x0000000c   Code   RO          779    i.DMA1_Stream3_IRQHandler  stm32f4xx_it.o
    0x08002190   0x08002190   0x0000000c   Code   RO          780    i.DMA1_Stream6_IRQHandler  stm32f4xx_it.o
    0x0800219c   0x0800219c   0x0000000c   Code   RO          781    i.DMA2_Stream1_IRQHandler  stm32f4xx_it.o
    0x080021a8   0x080021a8   0x0000000c   Code   RO          782    i.DMA2_Stream6_IRQHandler  stm32f4xx_it.o
    0x080021b4   0x080021b4   0x00000028   Code   RO         2251    i.DMA_CalcBaseAndBitshift  stm32f4xx_hal_dma.o
    0x080021dc   0x080021dc   0x00000054   Code   RO         2252    i.DMA_CheckFifoParam  stm32f4xx_hal_dma.o
    0x08002230   0x08002230   0x00000028   Code   RO         2253    i.DMA_SetConfig     stm32f4xx_hal_dma.o
    0x08002258   0x08002258   0x00000002   Code   RO          783    i.DebugMon_Handler  stm32f4xx_it.o
    0x0800225a   0x0800225a   0x00000006   Code   RO          784    i.EXTI1_IRQHandler  stm32f4xx_it.o
    0x08002260   0x08002260   0x00000006   Code   RO          785    i.EXTI3_IRQHandler  stm32f4xx_it.o
    0x08002266   0x08002266   0x00000006   Code   RO          786    i.EXTI4_IRQHandler  stm32f4xx_it.o
    0x0800226c   0x0800226c   0x00000006   Code   RO          787    i.EXTI9_5_IRQHandler  stm32f4xx_it.o
    0x08002272   0x08002272   0x00000004   Code   RO          308    i.Error_Handler     main.o
    0x08002276   0x08002276   0x00000002   PAD
    0x08002278   0x08002278   0x00000164   Code   RO         4289    i.HAL_ADC_ConfigChannel  stm32f4xx_hal_adc.o
    0x080023dc   0x080023dc   0x00000002   Code   RO         4290    i.HAL_ADC_ConvCpltCallback  stm32f4xx_hal_adc.o
    0x080023de   0x080023de   0x00000002   Code   RO         4291    i.HAL_ADC_ConvHalfCpltCallback  stm32f4xx_hal_adc.o
    0x080023e0   0x080023e0   0x00000002   Code   RO         4293    i.HAL_ADC_ErrorCallback  stm32f4xx_hal_adc.o
    0x080023e2   0x080023e2   0x00000054   Code   RO         4298    i.HAL_ADC_Init      stm32f4xx_hal_adc.o
    0x08002436   0x08002436   0x00000002   PAD
    0x08002438   0x08002438   0x0000009c   Code   RO         1029    i.HAL_ADC_MspInit   adc.o
    0x080024d4   0x080024d4   0x00000130   Code   RO         4305    i.HAL_ADC_Start_DMA  stm32f4xx_hal_adc.o
    0x08002604   0x08002604   0x00000024   Code   RO         4560    i.HAL_CAN_ActivateNotification  stm32f4xx_hal_can.o
    0x08002628   0x08002628   0x0000010c   Code   RO         4562    i.HAL_CAN_ConfigFilter  stm32f4xx_hal_can.o
    0x08002734   0x08002734   0x00000002   Code   RO         4565    i.HAL_CAN_ErrorCallback  stm32f4xx_hal_can.o
    0x08002736   0x08002736   0x000000e8   Code   RO         4568    i.HAL_CAN_GetRxMessage  stm32f4xx_hal_can.o
    0x0800281e   0x0800281e   0x000001fc   Code   RO         4572    i.HAL_CAN_IRQHandler  stm32f4xx_hal_can.o
    0x08002a1a   0x08002a1a   0x0000011a   Code   RO         4573    i.HAL_CAN_Init      stm32f4xx_hal_can.o
    0x08002b34   0x08002b34   0x000000fc   Code   RO         1071    i.HAL_CAN_MspInit   can.o
    0x08002c30   0x08002c30   0x00000002   Code   RO         4580    i.HAL_CAN_RxFifo0FullCallback  stm32f4xx_hal_can.o
    0x08002c32   0x08002c32   0x00000002   PAD
    0x08002c34   0x08002c34   0x00000014   Code   RO         5730    i.HAL_CAN_RxFifo0MsgPendingCallback  my_exti.o
    0x08002c48   0x08002c48   0x00000002   Code   RO         4582    i.HAL_CAN_RxFifo1FullCallback  stm32f4xx_hal_can.o
    0x08002c4a   0x08002c4a   0x00000002   Code   RO         4583    i.HAL_CAN_RxFifo1MsgPendingCallback  stm32f4xx_hal_can.o
    0x08002c4c   0x08002c4c   0x00000002   Code   RO         4584    i.HAL_CAN_SleepCallback  stm32f4xx_hal_can.o
    0x08002c4e   0x08002c4e   0x00000002   PAD
    0x08002c50   0x08002c50   0x00000058   Code   RO         4585    i.HAL_CAN_Start     stm32f4xx_hal_can.o
    0x08002ca8   0x08002ca8   0x00000002   Code   RO         4587    i.HAL_CAN_TxMailbox0AbortCallback  stm32f4xx_hal_can.o
    0x08002caa   0x08002caa   0x00000002   Code   RO         4588    i.HAL_CAN_TxMailbox0CompleteCallback  stm32f4xx_hal_can.o
    0x08002cac   0x08002cac   0x00000002   Code   RO         4589    i.HAL_CAN_TxMailbox1AbortCallback  stm32f4xx_hal_can.o
    0x08002cae   0x08002cae   0x00000002   Code   RO         4590    i.HAL_CAN_TxMailbox1CompleteCallback  stm32f4xx_hal_can.o
    0x08002cb0   0x08002cb0   0x00000002   Code   RO         4591    i.HAL_CAN_TxMailbox2AbortCallback  stm32f4xx_hal_can.o
    0x08002cb2   0x08002cb2   0x00000002   Code   RO         4592    i.HAL_CAN_TxMailbox2CompleteCallback  stm32f4xx_hal_can.o
    0x08002cb4   0x08002cb4   0x00000002   Code   RO         4594    i.HAL_CAN_WakeUpFromRxMsgCallback  stm32f4xx_hal_can.o
    0x08002cb6   0x08002cb6   0x00000092   Code   RO         2254    i.HAL_DMA_Abort     stm32f4xx_hal_dma.o
    0x08002d48   0x08002d48   0x00000024   Code   RO         2255    i.HAL_DMA_Abort_IT  stm32f4xx_hal_dma.o
    0x08002d6c   0x08002d6c   0x000001a0   Code   RO         2259    i.HAL_DMA_IRQHandler  stm32f4xx_hal_dma.o
    0x08002f0c   0x08002f0c   0x000000d4   Code   RO         2260    i.HAL_DMA_Init      stm32f4xx_hal_dma.o
    0x08002fe0   0x08002fe0   0x0000006e   Code   RO         2264    i.HAL_DMA_Start_IT  stm32f4xx_hal_dma.o
    0x0800304e   0x0800304e   0x00000002   PAD
    0x08003050   0x08003050   0x00000024   Code   RO         2691    i.HAL_Delay         stm32f4xx_hal.o
    0x08003074   0x08003074   0x00000002   Code   RO         2145    i.HAL_GPIO_EXTI_Callback  stm32f4xx_hal_gpio.o
    0x08003076   0x08003076   0x00000002   PAD
    0x08003078   0x08003078   0x00000018   Code   RO         2146    i.HAL_GPIO_EXTI_IRQHandler  stm32f4xx_hal_gpio.o
    0x08003090   0x08003090   0x00000234   Code   RO         2147    i.HAL_GPIO_Init     stm32f4xx_hal_gpio.o
    0x080032c4   0x080032c4   0x0000000a   Code   RO         2151    i.HAL_GPIO_WritePin  stm32f4xx_hal_gpio.o
    0x080032ce   0x080032ce   0x00000002   PAD
    0x080032d0   0x080032d0   0x0000000c   Code   RO         2699    i.HAL_GetTick       stm32f4xx_hal.o
    0x080032dc   0x080032dc   0x00000010   Code   RO         2705    i.HAL_IncTick       stm32f4xx_hal.o
    0x080032ec   0x080032ec   0x00000034   Code   RO         2706    i.HAL_Init          stm32f4xx_hal.o
    0x08003320   0x08003320   0x00000040   Code   RO         2707    i.HAL_InitTick      stm32f4xx_hal.o
    0x08003360   0x08003360   0x00000030   Code   RO         1004    i.HAL_MspInit       stm32f4xx_hal_msp.o
    0x08003390   0x08003390   0x0000001a   Code   RO         2554    i.HAL_NVIC_EnableIRQ  stm32f4xx_hal_cortex.o
    0x080033aa   0x080033aa   0x00000002   PAD
    0x080033ac   0x080033ac   0x00000040   Code   RO         2560    i.HAL_NVIC_SetPriority  stm32f4xx_hal_cortex.o
    0x080033ec   0x080033ec   0x00000024   Code   RO         2561    i.HAL_NVIC_SetPriorityGrouping  stm32f4xx_hal_cortex.o
    0x08003410   0x08003410   0x00000070   Code   RO         2483    i.HAL_PWREx_EnableOverDrive  stm32f4xx_hal_pwr_ex.o
    0x08003480   0x08003480   0x00000134   Code   RO         1741    i.HAL_RCC_ClockConfig  stm32f4xx_hal_rcc.o
    0x080035b4   0x080035b4   0x00000020   Code   RO         1748    i.HAL_RCC_GetPCLK1Freq  stm32f4xx_hal_rcc.o
    0x080035d4   0x080035d4   0x00000020   Code   RO         1749    i.HAL_RCC_GetPCLK2Freq  stm32f4xx_hal_rcc.o
    0x080035f4   0x080035f4   0x00000064   Code   RO         1750    i.HAL_RCC_GetSysClockFreq  stm32f4xx_hal_rcc.o
    0x08003658   0x08003658   0x0000036c   Code   RO         1753    i.HAL_RCC_OscConfig  stm32f4xx_hal_rcc.o
    0x080039c4   0x080039c4   0x00000028   Code   RO         2565    i.HAL_SYSTICK_Config  stm32f4xx_hal_cortex.o
    0x080039ec   0x080039ec   0x00000002   Code   RO         3660    i.HAL_TIMEx_BreakCallback  stm32f4xx_hal_tim_ex.o
    0x080039ee   0x080039ee   0x00000002   Code   RO         3661    i.HAL_TIMEx_CommutCallback  stm32f4xx_hal_tim_ex.o
    0x080039f0   0x080039f0   0x00000090   Code   RO         3679    i.HAL_TIMEx_MasterConfigSynchronization  stm32f4xx_hal_tim_ex.o
    0x08003a80   0x08003a80   0x0000005a   Code   RO         2956    i.HAL_TIM_Base_Init  stm32f4xx_hal_tim.o
    0x08003ada   0x08003ada   0x00000002   PAD
    0x08003adc   0x08003adc   0x000000dc   Code   RO          601    i.HAL_TIM_Base_MspInit  tim.o
    0x08003bb8   0x08003bb8   0x00000080   Code   RO         2961    i.HAL_TIM_Base_Start_IT  stm32f4xx_hal_tim.o
    0x08003c38   0x08003c38   0x000000dc   Code   RO         2965    i.HAL_TIM_ConfigClockSource  stm32f4xx_hal_tim.o
    0x08003d14   0x08003d14   0x00000002   Code   RO         2990    i.HAL_TIM_IC_CaptureCallback  stm32f4xx_hal_tim.o
    0x08003d16   0x08003d16   0x00000166   Code   RO         3004    i.HAL_TIM_IRQHandler  stm32f4xx_hal_tim.o
    0x08003e7c   0x08003e7c   0x00000054   Code   RO          602    i.HAL_TIM_MspPostInit  tim.o
    0x08003ed0   0x08003ed0   0x00000002   Code   RO         3007    i.HAL_TIM_OC_DelayElapsedCallback  stm32f4xx_hal_tim.o
    0x08003ed2   0x08003ed2   0x000000cc   Code   RO         3028    i.HAL_TIM_PWM_ConfigChannel  stm32f4xx_hal_tim.o
    0x08003f9e   0x08003f9e   0x0000005a   Code   RO         3031    i.HAL_TIM_PWM_Init  stm32f4xx_hal_tim.o
    0x08003ff8   0x08003ff8   0x00000002   Code   RO         3033    i.HAL_TIM_PWM_MspInit  stm32f4xx_hal_tim.o
    0x08003ffa   0x08003ffa   0x00000002   Code   RO         3034    i.HAL_TIM_PWM_PulseFinishedCallback  stm32f4xx_hal_tim.o
    0x08003ffc   0x08003ffc   0x0000015c   Code   RO          309    i.HAL_TIM_PeriodElapsedCallback  main.o
    0x08004158   0x08004158   0x00000002   Code   RO         3047    i.HAL_TIM_TriggerCallback  stm32f4xx_hal_tim.o
    0x0800415a   0x0800415a   0x00000056   Code   RO         3936    i.HAL_UARTEx_ReceiveToIdle_DMA  stm32f4xx_hal_uart.o
    0x080041b0   0x080041b0   0x00000002   Code   RO         3938    i.HAL_UARTEx_RxEventCallback  stm32f4xx_hal_uart.o
    0x080041b2   0x080041b2   0x00000002   Code   RO         3952    i.HAL_UART_ErrorCallback  stm32f4xx_hal_uart.o
    0x080041b4   0x080041b4   0x00000268   Code   RO         3955    i.HAL_UART_IRQHandler  stm32f4xx_hal_uart.o
    0x0800441c   0x0800441c   0x00000062   Code   RO         3956    i.HAL_UART_Init     stm32f4xx_hal_uart.o
    0x0800447e   0x0800447e   0x00000002   PAD
    0x08004480   0x08004480   0x00000350   Code   RO          679    i.HAL_UART_MspInit  usart.o
    0x080047d0   0x080047d0   0x00000002   Code   RO         3962    i.HAL_UART_RxCpltCallback  stm32f4xx_hal_uart.o
    0x080047d2   0x080047d2   0x00000002   Code   RO         3963    i.HAL_UART_RxHalfCpltCallback  stm32f4xx_hal_uart.o
    0x080047d4   0x080047d4   0x000000b2   Code   RO         3964    i.HAL_UART_Transmit  stm32f4xx_hal_uart.o
    0x08004886   0x08004886   0x00000002   Code   RO         3967    i.HAL_UART_TxCpltCallback  stm32f4xx_hal_uart.o
    0x08004888   0x08004888   0x00000002   Code   RO          788    i.HardFault_Handler  stm32f4xx_it.o
    0x0800488a   0x0800488a   0x00000002   PAD
    0x0800488c   0x0800488c   0x00000070   Code   RO         5320    i.IMU_Callback      imu_can.o
    0x080048fc   0x080048fc   0x000001ec   Code   RO         5321    i.IMU_data_analysis  imu_can.o
    0x08004ae8   0x08004ae8   0x00000078   Code   RO         1030    i.MX_ADC1_Init      adc.o
    0x08004b60   0x08004b60   0x00000048   Code   RO         1072    i.MX_CAN1_Init      can.o
    0x08004ba8   0x08004ba8   0x00000044   Code   RO         1073    i.MX_CAN2_Init      can.o
    0x08004bec   0x08004bec   0x0000008c   Code   RO          576    i.MX_DMA_Init       dma.o
    0x08004c78   0x08004c78   0x00000204   Code   RO          552    i.MX_GPIO_Init      gpio.o
    0x08004e7c   0x08004e7c   0x00000084   Code   RO          603    i.MX_TIM12_Init     tim.o
    0x08004f00   0x08004f00   0x0000006c   Code   RO          604    i.MX_TIM1_Init      tim.o
    0x08004f6c   0x08004f6c   0x00000068   Code   RO          605    i.MX_TIM3_Init      tim.o
    0x08004fd4   0x08004fd4   0x00000068   Code   RO          606    i.MX_TIM4_Init      tim.o
    0x0800503c   0x0800503c   0x00000064   Code   RO          607    i.MX_TIM5_Init      tim.o
    0x080050a0   0x080050a0   0x0000004c   Code   RO          608    i.MX_TIM9_Init      tim.o
    0x080050ec   0x080050ec   0x00000038   Code   RO          680    i.MX_UART7_Init     usart.o
    0x08005124   0x08005124   0x00000038   Code   RO          681    i.MX_UART8_Init     usart.o
    0x0800515c   0x0800515c   0x00000038   Code   RO          682    i.MX_USART2_UART_Init  usart.o
    0x08005194   0x08005194   0x00000038   Code   RO          683    i.MX_USART3_UART_Init  usart.o
    0x080051cc   0x080051cc   0x0000003c   Code   RO          684    i.MX_USART6_UART_Init  usart.o
    0x08005208   0x08005208   0x00000002   Code   RO          789    i.MemManage_Handler  stm32f4xx_it.o
    0x0800520a   0x0800520a   0x00000002   Code   RO          790    i.NMI_Handler       stm32f4xx_it.o
    0x0800520c   0x0800520c   0x00000002   Code   RO          791    i.OTG_FS_IRQHandler  stm32f4xx_it.o
    0x0800520e   0x0800520e   0x00000112   Code   RO         6164    i.PID_Calc          pid.o
    0x08005320   0x08005320   0x00000002   Code   RO          792    i.PendSV_Handler    stm32f4xx_it.o
    0x08005322   0x08005322   0x00000002   PAD
    0x08005324   0x08005324   0x000000fc   Code   RO         4838    i.ReferenceForce    algorithm.o
    0x08005420   0x08005420   0x00000068   Code   RO           13    i.SERVO_Send_recv   go-m8010-6.o
    0x08005488   0x08005488   0x00000002   Code   RO          793    i.SVC_Handler       stm32f4xx_it.o
    0x0800548a   0x0800548a   0x0000000e   Code   RO          794    i.SysTick_Handler   stm32f4xx_it.o
    0x08005498   0x08005498   0x000000a0   Code   RO          310    i.SystemClock_Config  main.o
    0x08005538   0x08005538   0x00000010   Code   RO         4794    i.SystemInit        system_stm32f4xx.o
    0x08005548   0x08005548   0x0000000c   Code   RO          795    i.TIM3_IRQHandler   stm32f4xx_it.o
    0x08005554   0x08005554   0x0000000c   Code   RO          796    i.TIM4_IRQHandler   stm32f4xx_it.o
    0x08005560   0x08005560   0x0000000c   Code   RO          797    i.TIM5_IRQHandler   stm32f4xx_it.o
    0x0800556c   0x0800556c   0x000000c8   Code   RO         3049    i.TIM_Base_SetConfig  stm32f4xx_hal_tim.o
    0x08005634   0x08005634   0x00000014   Code   RO         3060    i.TIM_ETR_SetConfig  stm32f4xx_hal_tim.o
    0x08005648   0x08005648   0x00000010   Code   RO         3061    i.TIM_ITRx_SetConfig  stm32f4xx_hal_tim.o
    0x08005658   0x08005658   0x00000060   Code   RO         3062    i.TIM_OC1_SetConfig  stm32f4xx_hal_tim.o
    0x080056b8   0x080056b8   0x0000006c   Code   RO         3063    i.TIM_OC2_SetConfig  stm32f4xx_hal_tim.o
    0x08005724   0x08005724   0x00000068   Code   RO         3064    i.TIM_OC3_SetConfig  stm32f4xx_hal_tim.o
    0x0800578c   0x0800578c   0x00000050   Code   RO         3065    i.TIM_OC4_SetConfig  stm32f4xx_hal_tim.o
    0x080057dc   0x080057dc   0x00000022   Code   RO         3067    i.TIM_TI1_ConfigInputStage  stm32f4xx_hal_tim.o
    0x080057fe   0x080057fe   0x00000024   Code   RO         3069    i.TIM_TI2_ConfigInputStage  stm32f4xx_hal_tim.o
    0x08005822   0x08005822   0x00000002   PAD
    0x08005824   0x08005824   0x0000000c   Code   RO          798    i.UART7_IRQHandler  stm32f4xx_it.o
    0x08005830   0x08005830   0x0000000c   Code   RO          799    i.UART8_IRQHandler  stm32f4xx_it.o
    0x0800583c   0x0800583c   0x00000010   Code   RO         3969    i.UART_DMAAbortOnError  stm32f4xx_hal_uart.o
    0x0800584c   0x0800584c   0x0000004a   Code   RO         3970    i.UART_DMAError     stm32f4xx_hal_uart.o
    0x08005896   0x08005896   0x00000082   Code   RO         3971    i.UART_DMAReceiveCplt  stm32f4xx_hal_uart.o
    0x08005918   0x08005918   0x0000001a   Code   RO         3973    i.UART_DMARxHalfCplt  stm32f4xx_hal_uart.o
    0x08005932   0x08005932   0x0000004e   Code   RO         3979    i.UART_EndRxTransfer  stm32f4xx_hal_uart.o
    0x08005980   0x08005980   0x0000001c   Code   RO         3980    i.UART_EndTxTransfer  stm32f4xx_hal_uart.o
    0x0800599c   0x0800599c   0x000000c0   Code   RO         3981    i.UART_Receive_IT   stm32f4xx_hal_uart.o
    0x08005a5c   0x08005a5c   0x0000010c   Code   RO         3982    i.UART_SetConfig    stm32f4xx_hal_uart.o
    0x08005b68   0x08005b68   0x00000094   Code   RO         3983    i.UART_Start_Receive_DMA  stm32f4xx_hal_uart.o
    0x08005bfc   0x08005bfc   0x00000078   Code   RO         3985    i.UART_WaitOnFlagUntilTimeout  stm32f4xx_hal_uart.o
    0x08005c74   0x08005c74   0x0000000c   Code   RO          800    i.USART2_IRQHandler  stm32f4xx_it.o
    0x08005c80   0x08005c80   0x0000000c   Code   RO          801    i.USART3_IRQHandler  stm32f4xx_it.o
    0x08005c8c   0x08005c8c   0x0000000c   Code   RO          802    i.USART6_IRQHandler  stm32f4xx_it.o
    0x08005c98   0x08005c98   0x000000d4   Code   RO         4839    i.UpdataGryZBuffer  algorithm.o
    0x08005d6c   0x08005d6c   0x00000002   Code   RO          803    i.UsageFault_Handler  stm32f4xx_it.o
    0x08005d6e   0x08005d6e   0x00000030   Code   RO         6612    i.__ARM_fpclassify  m_wm.l(fpclassify.o)
    0x08005d9e   0x08005d9e   0x00000020   Code   RO         2567    i.__NVIC_SetPriority  stm32f4xx_hal_cortex.o
    0x08005dbe   0x08005dbe   0x00000002   PAD
    0x08005dc0   0x08005dc0   0x00000c50   Code   RO         6402    i.__hardfp_pow      m_wm.l(pow.o)
    0x08006a10   0x08006a10   0x000000f8   Code   RO         6614    i.__kernel_poly     m_wm.l(poly.o)
    0x08006b08   0x08006b08   0x00000030   Code   RO         6598    i.__mathlib_dbl_divzero  m_wm.l(dunder.o)
    0x08006b38   0x08006b38   0x00000014   Code   RO         6600    i.__mathlib_dbl_infnan2  m_wm.l(dunder.o)
    0x08006b4c   0x08006b4c   0x00000004   PAD
    0x08006b50   0x08006b50   0x00000020   Code   RO         6601    i.__mathlib_dbl_invalid  m_wm.l(dunder.o)
    0x08006b70   0x08006b70   0x00000020   Code   RO         6602    i.__mathlib_dbl_overflow  m_wm.l(dunder.o)
    0x08006b90   0x08006b90   0x00000020   Code   RO         6604    i.__mathlib_dbl_underflow  m_wm.l(dunder.o)
    0x08006bb0   0x08006bb0   0x0000000e   Code   RO         6308    i._is_digit         c_w.l(__printf_wp.o)
    0x08006bbe   0x08006bbe   0x00000002   PAD
    0x08006bc0   0x08006bc0   0x00000068   Code   RO         5322    i.byte2float        imu_can.o
    0x08006c28   0x08006c28   0x0000005c   Code   RO         1074    i.can_filter_init   can.o
    0x08006c84   0x08006c84   0x00000024   Code   RO           14    i.crc_ccitt         go-m8010-6.o
    0x08006ca8   0x08006ca8   0x0000008c   Code   RO         5761    i.cubic_interpolation  my_math.o
    0x08006d34   0x08006d34   0x00000034   Code   RO         1125    i.debugPrintPending  uart_debug.o
    0x08006d68   0x08006d68   0x00000108   Code   RO           15    i.extract_data      go-m8010-6.o
    0x08006e70   0x08006e70   0x00000018   Code   RO         6392    i.fabs              m_wm.l(fabs.o)
    0x08006e88   0x08006e88   0x0000003c   Code   RO         5323    i.getRaw_AccXYZ     imu_can.o
    0x08006ec4   0x08006ec4   0x0000003c   Code   RO         5324    i.getRaw_GyroXYZ    imu_can.o
    0x08006f00   0x08006f00   0x0000003c   Code   RO         5325    i.getRaw_RPY        imu_can.o
    0x08006f3c   0x08006f3c   0x00000024   Code   RO         5453    i.initSkeletonAdBuf  motor_can.o
    0x08006f60   0x08006f60   0x00000088   Code   RO          316    i.main              main.o
    0x08006fe8   0x08006fe8   0x000001a4   Code   RO           16    i.modify_data       go-m8010-6.o
    0x0800718c   0x0800718c   0x00000048   Code   RO         5858    i.motor_Torque      skeleton.o
    0x080071d4   0x080071d4   0x00000044   Code   RO         5860    i.motor_init        skeleton.o
    0x08007218   0x08007218   0x00000048   Code   RO         5862    i.motor_profileVelocity  skeleton.o
    0x08007260   0x08007260   0x00000028   Code   RO         5863    i.motor_stop        skeleton.o
    0x08007288   0x08007288   0x0000055c   Code   RO         5866    i.skeletonApp       skeleton.o
    0x080077e4   0x080077e4   0x0000006e   Code   RO         6630    i.sqrt              m_wm.l(sqrt.o)
    0x08007852   0x08007852   0x00000002   Code   RO          319    i.sysTickTask       main.o
    0x08007854   0x08007854   0x00000028   Code   RO          685    i.uartPrintf        usart.o
    0x0800787c   0x0800787c   0x0000002c   Code   RO         6733    locale$$code        c_w.l(lc_ctype_c.o)
    0x080078a8   0x080078a8   0x0000002c   Code   RO         6736    locale$$code        c_w.l(lc_numeric_c.o)
    0x080078d4   0x080078d4   0x00000018   Code   RO         6570    x$fpl$basic         fz_wm.l(basic.o)
    0x080078ec   0x080078ec   0x00000062   Code   RO         6344    x$fpl$d2f           fz_wm.l(d2f.o)
    0x0800794e   0x0800794e   0x00000002   PAD
    0x08007950   0x08007950   0x00000150   Code   RO         6346    x$fpl$dadd          fz_wm.l(daddsub_clz.o)
    0x08007aa0   0x08007aa0   0x00000010   Code   RO         6747    x$fpl$dcheck1       fz_wm.l(dcheck1.o)
    0x08007ab0   0x08007ab0   0x00000018   Code   RO         6572    x$fpl$dcmpinf       fz_wm.l(dcmpi.o)
    0x08007ac8   0x08007ac8   0x000002b0   Code   RO         6353    x$fpl$ddiv          fz_wm.l(ddiv.o)
    0x08007d78   0x08007d78   0x0000002e   Code   RO         6363    x$fpl$dflt          fz_wm.l(dflt_clz.o)
    0x08007da6   0x08007da6   0x00000026   Code   RO         6362    x$fpl$dfltu         fz_wm.l(dflt_clz.o)
    0x08007dcc   0x08007dcc   0x00000078   Code   RO         6368    x$fpl$dleqf         fz_wm.l(dleqf.o)
    0x08007e44   0x08007e44   0x00000154   Code   RO         6370    x$fpl$dmul          fz_wm.l(dmul.o)
    0x08007f98   0x08007f98   0x0000009c   Code   RO         6574    x$fpl$dnaninf       fz_wm.l(dnaninf.o)
    0x08008034   0x08008034   0x0000000c   Code   RO         6576    x$fpl$dretinf       fz_wm.l(dretinf.o)
    0x08008040   0x08008040   0x0000006c   Code   RO         6372    x$fpl$drleqf        fz_wm.l(drleqf.o)
    0x080080ac   0x080080ac   0x00000016   Code   RO         6347    x$fpl$drsb          fz_wm.l(daddsub_clz.o)
    0x080080c2   0x080080c2   0x00000002   PAD
    0x080080c4   0x080080c4   0x00000198   Code   RO         6749    x$fpl$dsqrt         fz_wm.l(dsqrt_umaal.o)
    0x0800825c   0x0800825c   0x000001d4   Code   RO         6348    x$fpl$dsub          fz_wm.l(daddsub_clz.o)
    0x08008430   0x08008430   0x00000056   Code   RO         6374    x$fpl$f2d           fz_wm.l(f2d.o)
    0x08008486   0x08008486   0x0000008c   Code   RO         6582    x$fpl$fnaninf       fz_wm.l(fnaninf.o)
    0x08008512   0x08008512   0x0000000a   Code   RO         6753    x$fpl$fpinit        fz_wm.l(fpinit.o)
    0x0800851c   0x0800851c   0x0000000a   Code   RO         6584    x$fpl$fretinf       fz_wm.l(fretinf.o)
    0x08008526   0x08008526   0x00000004   Code   RO         6376    x$fpl$printf1       fz_wm.l(printf1.o)
    0x0800852a   0x0800852a   0x00000004   Code   RO         6586    x$fpl$printf2       fz_wm.l(printf2.o)
    0x0800852e   0x0800852e   0x00000064   Code   RO         6830    x$fpl$retnan        fz_wm.l(retnan.o)
    0x08008592   0x08008592   0x0000005c   Code   RO         6592    x$fpl$scalbn        fz_wm.l(scalbn.o)
    0x080085ee   0x080085ee   0x00000030   Code   RO         6860    x$fpl$trapveneer    fz_wm.l(trapv.o)
    0x0800861e   0x0800861e   0x00000000   Code   RO         6594    x$fpl$usenofp       fz_wm.l(usenofp.o)
    0x0800861e   0x0800861e   0x00000200   Data   RO           18    .constdata          go-m8010-6.o
    0x0800881e   0x0800881e   0x00000008   Data   RO         2266    .constdata          stm32f4xx_hal_dma.o
    0x08008826   0x08008826   0x00000010   Data   RO         4795    .constdata          system_stm32f4xx.o
    0x08008836   0x08008836   0x00000008   Data   RO         4796    .constdata          system_stm32f4xx.o
    0x0800883e   0x0800883e   0x00000028   Data   RO         6296    .constdata          c_w.l(_printf_hex_int_ll_ptr.o)
    0x08008866   0x08008866   0x00000011   Data   RO         6316    .constdata          c_w.l(__printf_flags_ss_wp.o)
    0x08008877   0x08008877   0x00000001   PAD
    0x08008878   0x08008878   0x00000088   Data   RO         6405    .constdata          m_wm.l(pow.o)
    0x08008900   0x08008900   0x00000008   Data   RO         6489    .constdata          c_w.l(_printf_wctomb.o)
    0x08008908   0x08008908   0x00000008   Data   RO         6616    .constdata          m_wm.l(qnan.o)
    0x08008910   0x08008910   0x00000026   Data   RO         6683    .constdata          c_w.l(_printf_fp_hex.o)
    0x08008936   0x08008936   0x00000002   PAD
    0x08008938   0x08008938   0x00000094   Data   RO         6692    .constdata          c_w.l(bigflt0.o)
    0x080089cc   0x080089cc   0x00000020   Data   RO         6898    Region$$Table       anon$$obj.o
    0x080089ec   0x080089ec   0x00000110   Data   RO         6732    locale$$data        c_w.l(lc_ctype_c.o)
    0x08008afc   0x08008afc   0x0000001c   Data   RO         6735    locale$$data        c_w.l(lc_numeric_c.o)


    Execution Region RW_IRAM2 (Exec base: 0x10000000, Load base: 0x08008b9c, Size: 0x00000000, Max: 0x00010000, ABSOLUTE)

    **** No section assigned to this execution region ****


    Execution Region RW_IRAM1 (Exec base: 0x20000000, Load base: 0x08008b18, Size: 0x00009498, Max: 0x00030000, ABSOLUTE, COMPRESSED[0x00000084])

    Exec Addr    Load Addr    Size         Type   Attr      Idx    E Section Name        Object

    0x20000000   COMPRESSED   0x00000020   Data   RW           19    .data               go-m8010-6.o
    0x20000020   COMPRESSED   0x00000058   Data   RW          358    .data               main.o
    0x20000078   COMPRESSED   0x00000004   Data   RW         1076    .data               can.o
    0x2000007c   COMPRESSED   0x0000000c   Data   RW         2713    .data               stm32f4xx_hal.o
    0x20000088   COMPRESSED   0x00000004   Data   RW         4797    .data               system_stm32f4xx.o
    0x2000008c   COMPRESSED   0x0000006c   Data   RW         4860    .data               algorithm.o
    0x200000f8   COMPRESSED   0x0000005a   Data   RW         5328    .data               imu_can.o
    0x20000152   COMPRESSED   0x00000002   PAD
    0x20000154   COMPRESSED   0x00000034   Data   RW         5463    .data               motor_can.o
    0x20000188   COMPRESSED   0x00000004   Data   RW         5464    .data               motor_can.o
    0x2000018c   COMPRESSED   0x00000004   Data   RW         5465    .data               motor_can.o
    0x20000190   COMPRESSED   0x000005ac   Data   RW         5868    .data               skeleton.o
    0x2000073c   COMPRESSED   0x00000004   PAD
    0x20000740        -       0x000003fc   Zero   RW          322    .bss                main.o
    0x20000b3c        -       0x000001b0   Zero   RW          609    .bss                tim.o
    0x20000cec        -       0x00000414   Zero   RW          686    .bss                usart.o
    0x20001100        -       0x000000a8   Zero   RW         1031    .bss                adc.o
    0x200011a8        -       0x00000050   Zero   RW         1075    .bss                can.o
    0x200011f8        -       0x00000080   Zero   RW         1126    .bss                uart_debug.o
    0x20001278        -       0x00000070   Zero   RW         4845    .bss                algorithm.o
    0x200012e8        -       0x00000038   Zero   RW         4846    .bss                algorithm.o
    0x20001320        -       0x00000030   Zero   RW         4848    .bss                algorithm.o
    0x20001350        -       0x00000030   Zero   RW         4849    .bss                algorithm.o
    0x20001380        -       0x000000b8   Zero   RW         5327    .bss                imu_can.o
    0x20001438        -       0x00000060   Zero   RW         6643    .bss                c_w.l(libspace.o)
    0x20001498        -       0x00004000   Zero   RW            2    HEAP                startup_stm32f427xx.o
    0x20005498        -       0x00004000   Zero   RW            1    STACK               startup_stm32f427xx.o


==============================================================================

Image component sizes


      Code (inc. data)   RO Data    RW Data    ZI Data      Debug   Object Name

       276         34          0          0        168       1727   adc.o
      1048        108          0        108        264       8706   algorithm.o
       484         44          0          4         80       2972   can.o
       140          4          0          0          0        814   dma.o
       824        146        512         32          0     772991   go-m8010-6.o
       516         34          0          0          0       1203   gpio.o
       888         38          0         90        184       6168   imu_can.o
       650         98          0         88       1020      11109   main.o
        36         10          0         60          0     614665   motor_can.o
        20          4          0          0          0        902   my_exti.o
       140          4          0          0          0        886   my_math.o
       274          0          0          0          0        955   pid.o
      1664        622          0       1452          0       7825   skeleton.o
        64         26        428          0      32768        836   startup_stm32f427xx.o
       180         28          0         12          0       9485   stm32f4xx_hal.o
      1188         70          0          0          0       7317   stm32f4xx_hal_adc.o
      1438          6          0          0          0      13000   stm32f4xx_hal_can.o
       198         14          0          0          0      33899   stm32f4xx_hal_cortex.o
      1084         16          8          0          0       7274   stm32f4xx_hal_dma.o
       600         60          0          0          0       3344   stm32f4xx_hal_gpio.o
        48          6          0          0          0        814   stm32f4xx_hal_msp.o
       112         14          0          0          0       1272   stm32f4xx_hal_pwr_ex.o
      1348         76          0          0          0       5192   stm32f4xx_hal_rcc.o
      1794        108          0          0          0      15234   stm32f4xx_hal_tim.o
       148         28          0          0          0       2421   stm32f4xx_hal_tim_ex.o
      2068         30          0          0          0      15286   stm32f4xx_hal_uart.o
       236         90          0          0          0      13118   stm32f4xx_it.o
        16          4         24          4          0       1083   system_stm32f4xx.o
       928         98          0          0        432       5703   tim.o
        52         10          0          0        128       1177   uart_debug.o
      1172        106          0          0       1044      11436   usart.o

    ----------------------------------------------------------------------
     19666       1936       1004       1852      36092    1578814   Object Totals
         0          0         32          0          0          0   (incl. Generated)
        32          0          0          2          4          0   (incl. Padding)

    ----------------------------------------------------------------------

      Code (inc. data)   RO Data    RW Data    ZI Data      Debug   Library Member Name

        58          0          0          0          0          0   __dczerorl.o
         8          0          0          0          0         68   __main.o
       392          4         17          0          0         92   __printf_flags_ss_wp.o
        14          0          0          0          0         68   __printf_wp.o
         0          0          0          0          0          0   __rtentry.o
        12          0          0          0          0          0   __rtentry2.o
         6          0          0          0          0          0   __rtentry4.o
        52          8          0          0          0          0   __scatter.o
        28          0          0          0          0          0   __scatter_zi.o
         6          0          0          0          0          0   _printf_a.o
         6          0          0          0          0          0   _printf_c.o
        44          0          0          0          0        108   _printf_char.o
        48          6          0          0          0         96   _printf_char_common.o
        40          0          0          0          0         68   _printf_charcount.o
         6          0          0          0          0          0   _printf_d.o
       120         16          0          0          0         92   _printf_dec.o
         6          0          0          0          0          0   _printf_e.o
         6          0          0          0          0          0   _printf_f.o
      1054          0          0          0          0        216   _printf_fp_dec.o
       764          8         38          0          0        100   _printf_fp_hex.o
       128         16          0          0          0         84   _printf_fp_infnan.o
         6          0          0          0          0          0   _printf_g.o
       148          4         40          0          0        160   _printf_hex_int_ll_ptr.o
         6          0          0          0          0          0   _printf_i.o
       178          0          0          0          0         88   _printf_intcommon.o
        10          0          0          0          0          0   _printf_l.o
         6          0          0          0          0          0   _printf_lc.o
        10          0          0          0          0          0   _printf_ll.o
         6          0          0          0          0          0   _printf_lld.o
         6          0          0          0          0          0   _printf_lli.o
         6          0          0          0          0          0   _printf_llo.o
         6          0          0          0          0          0   _printf_llu.o
         6          0          0          0          0          0   _printf_llx.o
       124         16          0          0          0         92   _printf_longlong_dec.o
         6          0          0          0          0          0   _printf_ls.o
         6          0          0          0          0          0   _printf_n.o
         6          0          0          0          0          0   _printf_o.o
       112         10          0          0          0        124   _printf_oct_int_ll.o
         6          0          0          0          0          0   _printf_p.o
        78          0          0          0          0        108   _printf_pad.o
         0          0          0          0          0          0   _printf_percent.o
         4          0          0          0          0          0   _printf_percent_end.o
         6          0          0          0          0          0   _printf_s.o
        82          0          0          0          0         80   _printf_str.o
        36          0          0          0          0         84   _printf_truncate.o
         6          0          0          0          0          0   _printf_u.o
        44          0          0          0          0        108   _printf_wchar.o
       188          6          8          0          0         92   _printf_wctomb.o
         6          0          0          0          0          0   _printf_x.o
        22          0          0          0          0        100   _rserrno.o
        10          0          0          0          0         68   _sputc.o
        64          0          0          0          0         92   _wcrtomb.o
       228          4        148          0          0         96   bigflt0.o
      1936        128          0          0          0        672   btod.o
        18          0          0          0          0         80   exit.o
         6          0          0          0          0        152   heapauxi.o
         0          0          0          0          0          0   indicate_semi.o
        44         10        272          0          0         76   lc_ctype_c.o
        44         10         28          0          0         76   lc_numeric_c.o
         2          0          0          0          0          0   libinit.o
        34          0          0          0          0          0   libinit2.o
         2          0          0          0          0          0   libshutdown.o
         2          0          0          0          0          0   libshutdown2.o
         8          4          0          0         96         68   libspace.o
       138          0          0          0          0         80   lludiv10.o
       238          0          0          0          0        100   lludivv7m.o
        16          4          0          0          0         76   rt_ctype_table.o
         8          4          0          0          0         68   rt_errno_addr_intlibspace.o
         8          4          0          0          0         68   rt_locale_intlibspace.o
        78          0          0          0          0         80   rt_memclr_w.o
         2          0          0          0          0          0   rtexit.o
        10          0          0          0          0          0   rtexit2.o
       128          0          0          0          0         68   strcmpv7m.o
        12          4          0          0          0         68   sys_exit.o
        74          0          0          0          0         80   sys_stackheap_outer.o
         2          0          0          0          0         68   use_no_semi.o
        36          4          0          0          0         76   vsprintf.o
        24          0          0          0          0        164   basic.o
        98          4          0          0          0        140   d2f.o
       826         16          0          0          0        492   daddsub_clz.o
        16          4          0          0          0        116   dcheck1.o
        24          0          0          0          0        116   dcmpi.o
       688        140          0          0          0        256   ddiv.o
        84          0          0          0          0        232   dflt_clz.o
       120          4          0          0          0        140   dleqf.o
       340         12          0          0          0        152   dmul.o
       156          4          0          0          0        140   dnaninf.o
        12          0          0          0          0        116   dretinf.o
       108          0          0          0          0        128   drleqf.o
       408         56          0          0          0        168   dsqrt_umaal.o
        86          4          0          0          0        132   f2d.o
       140          4          0          0          0        132   fnaninf.o
        10          0          0          0          0        116   fpinit.o
        10          0          0          0          0        116   fretinf.o
         4          0          0          0          0        116   printf1.o
         4          0          0          0          0        116   printf2.o
       100          0          0          0          0        116   retnan.o
        92          0          0          0          0        116   scalbn.o
        48          0          0          0          0        116   trapv.o
         0          0          0          0          0          0   usenofp.o
       164         44          0          0          0        620   dunder.o
        24          0          0          0          0        124   fabs.o
        48          0          0          0          0        124   fpclassify.o
       248          0          0          0          0        152   poly.o
      3152        296        136          0          0        352   pow.o
         0          0          8          0          0          0   qnan.o
       110          0          0          0          0        148   sqrt.o

    ----------------------------------------------------------------------
     14240        858        698          0         96       9196   Library Totals
        24          0          3          0          0          0   (incl. Padding)

    ----------------------------------------------------------------------

      Code (inc. data)   RO Data    RW Data    ZI Data      Debug   Library Name

      7072        270        551          0         96       4240   c_w.l
      3398        248          0          0          0       3436   fz_wm.l
      3746        340        144          0          0       1520   m_wm.l

    ----------------------------------------------------------------------
     14240        858        698          0         96       9196   Library Totals

    ----------------------------------------------------------------------

==============================================================================


      Code (inc. data)   RO Data    RW Data    ZI Data      Debug   

     33906       2794       1702       1852      36188    1565122   Grand Totals
     33906       2794       1702        132      36188    1565122   ELF Image Totals (compressed)
     33906       2794       1702        132          0          0   ROM Totals

==============================================================================

    Total RO  Size (Code + RO Data)                35608 (  34.77kB)
    Total RW  Size (RW Data + ZI Data)             38040 (  37.15kB)
    Total ROM Size (Code + RO Data + RW Data)      35740 (  34.90kB)

==============================================================================

